C51 COMPILER V8.12   RL6463_SERIES_SCALING                                                 03/10/2025 13:50:49 PAGE 1   


C51 COMPILER V8.12, COMPILATION OF MODULE RL6463_SERIES_SCALING
OBJECT MODULE PLACED IN .\Output\RL6463\RL6463_Series_Scaling.obj
COMPILER INVOKED BY: D:\liuxh\keil3\C51\BIN\C51.EXE Kernel\Scaler\RL6463_Series_Scaler\Code\RL6463_Series_Scaling.c LARG
                    -E OPTIMIZE(9,SPEED) INCDIR(.\Output\RL6463;.\Project\Header;.\Pcb;.\Panel;.\Kernel\Device\Header;.\Kernel\Common;.\Kerne
                    -l\System\Header;.\Kernel\Scaler\ScalerFunction\Header;.\Kernel\Scaler\ScalerCommonFunction\Header;.\Kernel\Scaler\Scaler
                    -Function\Lib\Header;.\Kernel\Scaler\ScalerCommonFunction\Lib\Header;.\Kernel\Scaler\RL6463_Series_Scaler\Header;.\Kernel
                    -\Scaler\RL6463_Series_Scaler\Lib\Header;.\Kernel\User Common Function\Header;.\User\RTD Series\RTD2014Function\Header;.\
                    -User\RTD Series\RTD2014Osd\Header;.\User\RTD Factory\Header;.\User\None Series\NoneFunction\Header;.\User\None Series\No
                    -neOsd\Header;.\User\None Factory\Header) DEFINE(_PROJECT=_RL6463_PROJECT,_SCALER_TYPE=_RL6463_SERIES) DEBUG OBJECTEXTEND
                    - PRINT(.\Output\RL6463\RL6463_Series_Scaling.lst) OBJECT(.\Output\RL6463\RL6463_Series_Scaling.obj)

line level    source

   1          /********************************************************************************/
   2          /*   Copyright (c) 2021 Realtek Semiconductor Corp. All rights reserved.        */
   3          /*                                                                              */
   4          /*   SPDX-License-Identifier: LicenseRef-Realtek-Proprietary                    */
   5          /*                                                                              */
   6          /*   This software component is confidential and proprietary to Realtek         */
   7          /*   Semiconductor Corp. Disclosure, reproduction, redistribution, in whole     */
   8          /*   or in part, of this work and its derivatives without express permission    */
   9          /*   is prohibited.                                                             */
  10          /********************************************************************************/
  11          
  12          //----------------------------------------------------------------------------------------------------
  13          // ID Code      : RL6463_Series_Scaling.c No.0000
  14          // Update Note  :
  15          //----------------------------------------------------------------------------------------------------
  16          
  17          #include "ScalerFunctionInclude.h"
  18          
  19          //****************************************************************************
  20          // DEFINITIONS / MACROS
  21          //****************************************************************************
  22          #if(_SHARPNESS_SUPPORT == _OFF)
              #define _HSU_TABLE_SIZE                                   128
              #define _VSU_TABLE_SIZE                                   128
              #endif
  26          
  27          //****************************************************************************
  28          // STRUCT / TYPE / ENUM DEFINITTIONS
  29          //****************************************************************************
  30          
  31          //****************************************************************************
  32          // CODE TABLES
  33          //****************************************************************************
  34          #if(_SHARPNESS_SUPPORT == _OFF)
              //----------------------------------------------------------------------------------------------------
              // 128 taps Coefficient Table (Sharpness)
              //----------------------------------------------------------------------------------------------------
              BYTE code tSD_SU_COEF_128_TAPS[] =
              {
                  0xFB, 0x0F, 0xFE, 0x0F, 0xFD, 0x0F, 0xFC, 0x0F, 0xFB, 0x0F, 0xFA, 0x0F, 0xF7, 0x0F, 0xF5, 0x0F,
                  0xF1, 0x0F, 0xED, 0x0F, 0xE9, 0x0F, 0xE4, 0x0F, 0xDE, 0x0F, 0xD9, 0x0F, 0xD3, 0x0F, 0xCD, 0x0F,
                  0xC7, 0x0F, 0xDB, 0x0F, 0xF0, 0x0F, 0x0C, 0x00, 0x27, 0x00, 0x49, 0x00, 0x6B, 0x00, 0x93, 0x00,
                  0xBC, 0x00, 0xEA, 0x00, 0x16, 0x01, 0x49, 0x01, 0x7A, 0x01, 0xB0, 0x01, 0xE3, 0x01, 0x1C, 0x02,
                  0x84, 0x04, 0x78, 0x04, 0x6C, 0x04, 0x57, 0x04, 0x42, 0x04, 0x23, 0x04, 0x04, 0x04, 0xDC, 0x03,
                  0xB4, 0x03, 0x86, 0x03, 0x59, 0x03, 0x26, 0x03, 0xF4, 0x02, 0xBD, 0x02, 0x89, 0x02, 0x50, 0x02,
                  0xBA, 0x0F, 0xAF, 0x0F, 0xA7, 0x0F, 0xA1, 0x0F, 0x9C, 0x0F, 0x9A, 0x0F, 0x9A, 0x0F, 0x9C, 0x0F,
                  0x9F, 0x0F, 0xA3, 0x0F, 0xA8, 0x0F, 0xAD, 0x0F, 0xB4, 0x0F, 0xBA, 0x0F, 0xC1, 0x0F, 0xC7, 0x0F,
              };
C51 COMPILER V8.12   RL6463_SERIES_SCALING                                                 03/10/2025 13:50:49 PAGE 2   

              
              #if(_VSU_3L_SUPPORT == _ON)
              //----------------------------------------------------------------------------------------------------
              // 96 taps Coefficient Table (Sharpness)
              //----------------------------------------------------------------------------------------------------
              BYTE code tSD_SU_COEF_96_TAPS[] =
              {
                  0xF2, 0x0F, 0xF0, 0x0F, 0xED, 0x0F, 0xEB, 0x0F, 0xE8, 0x0F, 0xE9, 0x0F, 0xE8, 0x0F, 0xEC, 0x0F,
                  0xEF, 0x0F, 0xF6, 0x0F, 0xFC, 0x0F, 0x06, 0x00, 0x0F, 0x00, 0x1D, 0x00, 0x2A, 0x00, 0x3B, 0x00,
                  0x1A, 0x02, 0x41, 0x02, 0x66, 0x02, 0x8A, 0x02, 0xAC, 0x02, 0xCC, 0x02, 0xEB, 0x02, 0x06, 0x03,
                  0x1F, 0x03, 0x35, 0x03, 0x48, 0x03, 0x59, 0x03, 0x66, 0x03, 0x70, 0x03, 0x76, 0x03, 0x7A, 0x03,
                  0xF4, 0x01, 0xCF, 0x01, 0xAD, 0x01, 0x8B, 0x01, 0x6C, 0x01, 0x4B, 0x01, 0x2D, 0x01, 0x0E, 0x01,
                  0xF2, 0x00, 0xD5, 0x00, 0xBC, 0x00, 0xA1, 0x00, 0x8B, 0x00, 0x73, 0x00, 0x60, 0x00, 0x4B, 0x00,
                  0x00, 0x00, 0x00, 0x00, 0x00, 0x00, 0x00, 0x00, 0x00, 0x00, 0x00, 0x00, 0x00, 0x00, 0x00, 0x00,
                  0x00, 0x00, 0x00, 0x00, 0x00, 0x00, 0x00, 0x00, 0x00, 0x00, 0x00, 0x00, 0x00, 0x00, 0x00, 0x00,
              };
              #endif
              #endif
  67          
  68          //****************************************************************************
  69          // VARIABLE DECLARATIONS
  70          //****************************************************************************
  71          
  72          //****************************************************************************
  73          // FUNCTION DECLARATIONS
  74          //****************************************************************************
  75          void ScalerScalingSetScalingUp(const StructSDRAMDataInfo *pstFIFOScaling);
  76          void ScalerScalingSetScalingDown(const StructSDRAMDataInfo *pstFIFOScaling);
  77          EnumVSUCoefType ScalerScalingGetScalingUpType(void);
  78          
  79          #if(_SHARPNESS_SUPPORT == _OFF)
              void ScalerScalingSetScalingUpCoef(void);
              #endif
  82          
  83          void ScalerScalingUpdateFIFOScalingSize(StructSDRAMDataInfo *pstData);
  84          void ScalerScalingGetFIFOScalingSize(StructSDRAMDataInfo *pstData);
  85          
  86          //****************************************************************************
  87          // FUNCTION DEFINITIONS
  88          //****************************************************************************
  89          //--------------------------------------------------
  90          // Description  : Decide which scaling up function should be performed
  91          // Input Value  : Input/Output H/V Active Region
  92          // Output Value : None
  93          //--------------------------------------------------
  94          void ScalerScalingSetScalingUp(const StructSDRAMDataInfo *pstFIFOScaling)
  95          {
  96   1          CLR_V_SCALE_UP();
  97   1          CLR_H_SCALE_UP();
  98   1      
  99   1          // Disable Scale Up
 100   1          ScalerSetBit(P0_32_SCALE_CONTROL_REG, ~(_BIT1 | _BIT0), 0x00);
 101   1      
 102   1          //===============================
 103   1          // Decide V direction scaling up
 104   1          //===============================
 105   1          // Set V Scaling Up Factor
 106   1          if(pstFIFOScaling->usOutputVHeight < g_stMDomainOutputData.usVHeight)
 107   1          {
 108   2              SET_V_SCALE_UP();
 109   2      
 110   2              // Calculate Scaling Factor
C51 COMPILER V8.12   RL6463_SERIES_SCALING                                                 03/10/2025 13:50:49 PAGE 3   

 111   2              PDATA_DWORD(0) = GET_DWORD_MUL_DIV((1UL << (_VSU_FACTOR_BIT + 1)), pstFIFOScaling->usOutputVHeight
             -, g_stMDomainOutputData.usVHeight);
 112   2              PDATA_DWORD(0) = (PDATA_DWORD(0) + 1) >> 1;
 113   2      
 114   2              ScalerSetDataPortByte(P0_33_SF_ADDR_PORT, _P0_34_PT_03_VER_SCALE_FACTOR_H, ((PDATA_DWORD(0) >> 16)
             - & 0x0F));
 115   2              ScalerSetDataPortByte(P0_33_SF_ADDR_PORT, _P0_34_PT_04_VER_SCALE_FACTOR_M, ((PDATA_DWORD(0) >> 8) 
             -& 0xFF));
 116   2              ScalerSetDataPortByte(P0_33_SF_ADDR_PORT, _P0_34_PT_05_VER_SCALE_FACTOR_L, (PDATA_DWORD(0) & 0xFF)
             -);
 117   2      
 118   2              // Set V Initial Phase
 119   2              // R = Input Height /Output Height
 120   2              // ideal initial phase: for 3line SU = (1+R)*16*8 - 0x80
 121   2              PDATA_DWORD(0) = (DWORD)(pstFIFOScaling->usOutputVHeight + g_stMDomainOutputData.usVHeight) * 16 *
             - 8 / g_stMDomainOutputData.usVHeight - 0x80;
 122   2      
 123   2              // Check for enabling video compensation
 124   2              if((GET_INTERLACED_MODE() == _FALSE) ||
 125   2                 (ScalerGetBit(P0_10_M1_VGIP_CTRL, (_BIT3 | _BIT2)) == 0x00) ||
 126   2                 (BYPASS_VIDEO_COMPENSATION(pstFIFOScaling->usOutputVHeight, g_stMDomainOutputData.usVHeight) ==
             - _TRUE))
 127   2              {
 128   3                  ScalerSetDataPortByte(P0_33_SF_ADDR_PORT, _P0_34_PT_11_VER_FILTER_COEF_INI, pData[3]);
 129   3              }
 130   2              else
 131   2              {
 132   3                  pData[3] = 0x80;
 133   3      
 134   3                  ScalerSetDataPortByte(P0_33_SF_ADDR_PORT, _P0_34_PT_11_VER_FILTER_COEF_INI, pData[3]);
 135   3              }
 136   2          }
 137   1          else
 138   1          {
 139   2              ScalerSetDataPortByte(P0_33_SF_ADDR_PORT, _P0_34_PT_03_VER_SCALE_FACTOR_H, 0x0F);
 140   2              ScalerSetDataPortByte(P0_33_SF_ADDR_PORT, _P0_34_PT_04_VER_SCALE_FACTOR_M, 0xFF);
 141   2              ScalerSetDataPortByte(P0_33_SF_ADDR_PORT, _P0_34_PT_05_VER_SCALE_FACTOR_L, 0xFF);
 142   2      
 143   2              ScalerSetDataPortByte(P0_33_SF_ADDR_PORT, _P0_34_PT_11_VER_FILTER_COEF_INI, 0xFF);
 144   2          }
 145   1      
 146   1          if(GET_V_SCALE_UP() == _TRUE)
 147   1          {
 148   2              // Enable V Scale Up
 149   2              ScalerSetBit(P0_32_SCALE_CONTROL_REG, ~_BIT1, _BIT1);
 150   2      
 151   2              if(GET_INTERLACED_MODE() == _TRUE)
 152   2              {
 153   3                  // VGA Input or Prefered Timing
 154   3                  if((ScalerGetBit(P0_10_M1_VGIP_CTRL, (_BIT3 | _BIT2)) == 0x00) ||
 155   3                     (BYPASS_VIDEO_COMPENSATION(pstFIFOScaling->usOutputVHeight, g_stMDomainOutputData.usVHeight
             -) == _TRUE))
 156   3                  {
 157   4                      // Disable Video Compensation
 158   4                      ScalerSetBit(P0_32_SCALE_CONTROL_REG, ~_BIT7, 0x00);
 159   4                  }
 160   3                  else
 161   3                  {
 162   4                      // Enable Video Compensation According to Odd Field Delay One Line
 163   4                      ScalerSetBit(P0_32_SCALE_CONTROL_REG, ~_BIT7, _BIT7);
 164   4                  }
 165   3              }
C51 COMPILER V8.12   RL6463_SERIES_SCALING                                                 03/10/2025 13:50:49 PAGE 4   

 166   2              else
 167   2              {
 168   3                  // Disable Video Compensation
 169   3                  ScalerSetBit(P0_32_SCALE_CONTROL_REG, ~_BIT7, 0x00);
 170   3              }
 171   2          }
 172   1          else
 173   1          {
 174   2              // Disable Video Compensation
 175   2              ScalerSetBit(P0_32_SCALE_CONTROL_REG, ~_BIT7, 0x00);
 176   2          }
 177   1      
 178   1          //===============================
 179   1          // Decide H direction scaling up
 180   1          //===============================
 181   1          // Set H Scaling Up Factor
 182   1          SET_H_SCALE_UP();
 183   1      
 184   1          if(pstFIFOScaling->usOutputHWidth < g_stMDomainOutputData.usHWidth)
 185   1          {
 186   2              SET_H_SCALE_UP();
 187   2      
 188   2              // Calculate Scaling Factor
 189   2              PDATA_DWORD(0) = GET_DWORD_MUL_DIV((1UL << (_HSU_FACTOR_BIT + 1)), pstFIFOScaling->usOutputHWidth,
             - g_stMDomainOutputData.usHWidth);
 190   2              PDATA_DWORD(0) = (PDATA_DWORD(0) + 1) >> 1;
 191   2      
 192   2              ScalerSetDataPortByte(P0_33_SF_ADDR_PORT, _P0_34_PT_00_HOR_SCALE_FACTOR_H, ((PDATA_DWORD(0) >> 16)
             - & 0x0F));
 193   2              ScalerSetDataPortByte(P0_33_SF_ADDR_PORT, _P0_34_PT_01_HOR_SCALE_FACTOR_M, ((PDATA_DWORD(0) >> 8) 
             -& 0xFF));
 194   2              ScalerSetDataPortByte(P0_33_SF_ADDR_PORT, _P0_34_PT_02_HOR_SCALE_FACTOR_L, (PDATA_DWORD(0) & 0xFF)
             -);
 195   2      
 196   2              // Set H Initial Phase
 197   2              // R = Input width /Output width
 198   2              // ideal initial phase = (1+R)*16*8
 199   2              PDATA_DWORD(0) = (DWORD)(pstFIFOScaling->usOutputHWidth + g_stMDomainOutputData.usHWidth) * 16 * 8
             - / g_stMDomainOutputData.usHWidth;
 200   2      
 201   2              ScalerSetDataPortByte(P0_33_SF_ADDR_PORT, _P0_34_PT_10_HOR_FILTER_COEF_INI, pData[3]);
 202   2          }
 203   1          else
 204   1          {
 205   2              ScalerSetDataPortByte(P0_33_SF_ADDR_PORT, _P0_34_PT_00_HOR_SCALE_FACTOR_H, 0x0F);
 206   2              ScalerSetDataPortByte(P0_33_SF_ADDR_PORT, _P0_34_PT_01_HOR_SCALE_FACTOR_M, 0xFF);
 207   2              ScalerSetDataPortByte(P0_33_SF_ADDR_PORT, _P0_34_PT_02_HOR_SCALE_FACTOR_L, 0xFF);
 208   2      
 209   2              ScalerSetDataPortByte(P0_33_SF_ADDR_PORT, _P0_34_PT_10_HOR_FILTER_COEF_INI, 0xFF);
 210   2          }
 211   1      
 212   1          //===============================
 213   1          // Set H direction scaling up
 214   1          //===============================
 215   1          if(GET_H_SCALE_UP() == _TRUE)
 216   1          {
 217   2              // Enable H Scale Up
 218   2              ScalerSetBit(P0_32_SCALE_CONTROL_REG, ~_BIT0, _BIT0);
 219   2          }
 220   1      }
 221          
 222          //--------------------------------------------------
C51 COMPILER V8.12   RL6463_SERIES_SCALING                                                 03/10/2025 13:50:49 PAGE 5   

 223          // Description  : Decide which scaling down function should be performed
 224          // Input Value  : Input/Output H/V Active Region
 225          // Output Value : None
 226          //--------------------------------------------------
 227          void ScalerScalingSetScalingDown(const StructSDRAMDataInfo *pstFIFOScaling)
 228          {
 229   1          CLR_V_SCALE_DOWN();
 230   1          CLR_H_SCALE_DOWN();
 231   1      
 232   1          // Disable Scale Down
 233   1          // M1
 234   1          ScalerSetBit(P0_23_SCALE_DOWN_CTRL_M1, ~(_BIT3 | _BIT2 | _BIT1 | _BIT0), 0x00);
 235   1      
 236   1          //===============================
 237   1          // Decide H direction scaling down
 238   1          //===============================
 239   1          // Set H Scaling Down Factor
 240   1          if(g_stMDomainInputData.usHWidth > pstFIFOScaling->usInputHWidth)
 241   1          {
 242   2              SET_H_SCALE_DOWN();
 243   2      
 244   2              // Calculate Scaling Factor
 245   2              PDATA_DWORD(0) = GET_DWORD_MUL_DIV((1UL << (_HSD_FACTOR_BIT)), g_stMDomainInputData.usHWidth, pstF
             -IFOScaling->usInputHWidth);
 246   2      
 247   2              // The rounding of hsd factor may cause frame sync line buffer error under specific resolution
 248   2              if(((((1UL << _HSD_FACTOR_BIT) % pstFIFOScaling->usInputHWidth) *
 249   2                   (g_stMDomainInputData.usHWidth % pstFIFOScaling->usInputHWidth)) % pstFIFOScaling->usInputHWi
             -dth) != 0)
 250   2              {
 251   3                  PDATA_DWORD(0) += 1;
 252   3              }
 253   2      
 254   2              ScalerSetDataPortByte(P0_24_SD_ADDRESS_PORT_M1, _P0_25_PT_05_H_SD_FACTOR_H_M1, ((PDATA_DWORD(0) >>
             - 16) & 0xFF));
 255   2              ScalerSetDataPortByte(P0_24_SD_ADDRESS_PORT_M1, _P0_25_PT_06_H_SD_FACTOR_M_M1, ((PDATA_DWORD(0) >>
             - 8) & 0xFF));
 256   2              ScalerSetDataPortByte(P0_24_SD_ADDRESS_PORT_M1, _P0_25_PT_07_H_SD_FACTOR_L_M1, (PDATA_DWORD(0) & 0
             -xFF));
 257   2      
 258   2              // Calculate Initial Phase
 259   2              // (factor - 1) / 2  // 1.6
 260   2              PDATA_DWORD(0) = (PDATA_DWORD(0) >> 15) - 32;
 261   2      
 262   2              if(PDATA_DWORD(0) > 0x3F)
 263   2              {
 264   3                  PDATA_DWORD(0) = 0x3F;
 265   3              }
 266   2      
 267   2              ScalerSetDataPortByte(P0_24_SD_ADDRESS_PORT_M1, _P0_25_PT_04_H_SD_INIT_M1, PDATA_DWORD(0));
 268   2          }
 269   1          else
 270   1          {
 271   2              ScalerSetDataPortByte(P0_24_SD_ADDRESS_PORT_M1, _P0_25_PT_04_H_SD_INIT_M1, 0x00);
 272   2              ScalerSetDataPortByte(P0_24_SD_ADDRESS_PORT_M1, _P0_25_PT_05_H_SD_FACTOR_H_M1, 0x10);
 273   2              ScalerSetDataPortByte(P0_24_SD_ADDRESS_PORT_M1, _P0_25_PT_06_H_SD_FACTOR_M_M1, 0x00);
 274   2              ScalerSetDataPortByte(P0_24_SD_ADDRESS_PORT_M1, _P0_25_PT_07_H_SD_FACTOR_L_M1, 0x00);
 275   2          }
 276   1      
 277   1          //===============================
 278   1          // Decide V direction scaling down
 279   1          //===============================
C51 COMPILER V8.12   RL6463_SERIES_SCALING                                                 03/10/2025 13:50:49 PAGE 6   

 280   1          // Set V Scaling Down Factor
 281   1          if((g_stMDomainInputData.usVHeight) > pstFIFOScaling->usInputVHeight)
 282   1          {
 283   2              SET_V_SCALE_DOWN();
 284   2      
 285   2              // Calculate Scaling Factor
 286   2              PDATA_DWORD(0) = GET_DWORD_MUL_DIV((1UL << (_VSD_FACTOR_BIT + 1)), g_stMDomainInputData.usVHeight,
             - pstFIFOScaling->usInputVHeight);
 287   2              PDATA_DWORD(0) = (PDATA_DWORD(0) + 1) >> 1;
 288   2      
 289   2              ScalerSetDataPortByte(P0_24_SD_ADDRESS_PORT_M1, _P0_25_PT_01_V_SD_FACTOR_H_M1, ((PDATA_DWORD(0) >>
             - 16) & 0x0F));
 290   2              ScalerSetDataPortByte(P0_24_SD_ADDRESS_PORT_M1, _P0_25_PT_02_V_SD_FACTOR_M_M1, ((PDATA_DWORD(0) >>
             - 8) & 0xFF));
 291   2              ScalerSetDataPortByte(P0_24_SD_ADDRESS_PORT_M1, _P0_25_PT_03_V_SD_FACTOR_L_M1, (PDATA_DWORD(0) & 0
             -xFF));
 292   2      
 293   2              // Calculate Initial Phase
 294   2              PDATA_DWORD(0) = (PDATA_DWORD(0) >> 12) - 32;
 295   2      
 296   2              if(PDATA_DWORD(0) > 0x3F)
 297   2              {
 298   3                  PDATA_DWORD(0) = 0x3F;
 299   3              }
 300   2              ScalerSetDataPortByte(P0_24_SD_ADDRESS_PORT_M1, _P0_25_PT_00_V_SD_INIT_M1, PDATA_DWORD(0));
 301   2          }
 302   1          else
 303   1          {
 304   2              ScalerSetDataPortByte(P0_24_SD_ADDRESS_PORT_M1, _P0_25_PT_00_V_SD_INIT_M1, 0x00);
 305   2              ScalerSetDataPortByte(P0_24_SD_ADDRESS_PORT_M1, _P0_25_PT_01_V_SD_FACTOR_H_M1, 0x02);
 306   2              ScalerSetDataPortByte(P0_24_SD_ADDRESS_PORT_M1, _P0_25_PT_02_V_SD_FACTOR_M_M1, 0x00);
 307   2              ScalerSetDataPortByte(P0_24_SD_ADDRESS_PORT_M1, _P0_25_PT_03_V_SD_FACTOR_L_M1, 0x00);
 308   2          }
 309   1      
 310   1          if((GET_H_SCALE_DOWN() == _TRUE) || (GET_V_SCALE_DOWN() == _TRUE))
 311   1          {
 312   2              // Toggle HSD/VSD enable in IV porch to prevent OSD mute
 313   2              ScalerTimerWaitForEvent(_EVENT_IVS);
 314   2          }
 315   1      
 316   1          if(GET_H_SCALE_DOWN() == _TRUE)
 317   1          {
 318   2              // Enable H Scale Down
 319   2              ScalerSetBit(P0_23_SCALE_DOWN_CTRL_M1, ~(_BIT3 | _BIT1), _BIT1);
 320   2          }
 321   1      
 322   1          if(GET_V_SCALE_DOWN() == _TRUE)
 323   1          {
 324   2              // Enable V Scale Down
 325   2              ScalerSetBit(P0_23_SCALE_DOWN_CTRL_M1, ~_BIT0, _BIT0);
 326   2      
 327   2              // if VSD is on, then LSR shold be off.
 328   2              ScalerSetBit(P14_C0_LSR_CTRL, ~_BIT7, 0x00);
 329   2          }
 330   1      }
 331          
 332          //--------------------------------------------------
 333          // Description  : Get 3D ScalingUp Type
 334          // Input Value  : none
 335          // Output Value : 0: no 3D ScaleUp,  1: 3D 3Line V ScaleUp,  2:3D 2Line V ScaleUp,
 336          //--------------------------------------------------
 337          EnumVSUCoefType ScalerScalingGetScalingUpType(void)
C51 COMPILER V8.12   RL6463_SERIES_SCALING                                                 03/10/2025 13:50:49 PAGE 7   

 338          {
 339   1          return _VSU_2D_3LINE_COEF;
 340   1      }
 341          
 342          #if(_SHARPNESS_SUPPORT == _OFF)
              //--------------------------------------------------
              // Description  : Set ScaleUp Coef
              // Input Value  : none
              // Output Value : none
              //--------------------------------------------------
              void ScalerScalingSetScalingUpCoef(void)
              {
                  // Set Coefficient table 1
                  ScalerSetBit(P0_35_FILTER_CONTROL_REG, ~(_BIT7 | _BIT6), _BIT7);
                  ScalerBurstWrite(tSD_SU_COEF_128_TAPS, _HSU_TABLE_SIZE, GET_CURRENT_BANK_NUMBER(), P0_36_USER_DEF_FILT
             -ER_ACCESS_PORT, _BURSTWRITE_DATA_COMMON, _BURSTWRITE_FROM_FLASH);
              
                  // Set Coefficient table 2
                  ScalerSetBit(P0_35_FILTER_CONTROL_REG, ~(_BIT7 | _BIT6), (_BIT7 | _BIT6));
              
                  switch(ScalerScalingGetScalingUpType())
                  {
              #if(_VSU_3L_SUPPORT == _ON)
                      case _VSU_2D_3LINE_COEF:
              
                          ScalerBurstWrite(tSD_SU_COEF_96_TAPS, _VSU_TABLE_SIZE, GET_CURRENT_BANK_NUMBER(), P0_36_USER_D
             -EF_FILTER_ACCESS_PORT, _BURSTWRITE_DATA_COMMON, _BURSTWRITE_FROM_FLASH);
              
                          break;
              #endif
              
                      default:
              
                          break;
                  }
              
                  // Disable Coefficient Access, Set HSU to use coefficient table 1 & set VSU to use coefficient table 2
                  ScalerSetBit(P0_35_FILTER_CONTROL_REG, ~(_BIT7 | _BIT6 | _BIT5 | _BIT4), _BIT4);
              }
              #endif
 376          
 377          //--------------------------------------------------
 378          // Description  : Decide which scaling size
 379          // Input Value  : Input/Output H/V Active Region
 380          // Output Value : None
 381          //--------------------------------------------------
 382          void ScalerScalingUpdateFIFOScalingSize(StructSDRAMDataInfo *pstData)
 383          {
 384   1      #if(_FRC_SUPPORT == _ON)
                  DWORD ulHSDSpace = 0;
                  DWORD ulHSDBW = 0;
              
                  // Clear Double buffer flag
                  SET_MEMORY_FRAME_BUFFER(_MEMORY_1_FRAME_BUFFER);
              #endif // End of #if(_FRC_SUPPORT == _ON)
 391   1      
 392   1          //-----------------------------------------------
 393   1          // Consider FIFO Input / Output H width
 394   1          //-----------------------------------------------
 395   1          if(g_stMDomainInputData.usHWidth > g_stMDomainOutputData.usHWidth)
 396   1          {
 397   2              pstData->usInputHWidth = g_stMDomainOutputData.usHWidth;
C51 COMPILER V8.12   RL6463_SERIES_SCALING                                                 03/10/2025 13:50:49 PAGE 8   

 398   2              pstData->usOutputHWidth = g_stMDomainOutputData.usHWidth;
 399   2          }
 400   1          else
 401   1          {
 402   2              pstData->usInputHWidth = g_stMDomainInputData.usHWidth;
 403   2              pstData->usOutputHWidth = g_stMDomainInputData.usHWidth;
 404   2          }
 405   1      
 406   1          //-----------------------------------------------
 407   1          // Consider FIFO Input / Output V Height
 408   1          //-----------------------------------------------
 409   1          if(g_stMDomainInputData.usVHeight > g_stMDomainOutputData.usVHeight)
 410   1          {
 411   2              pstData->usInputVHeight = g_stMDomainOutputData.usVHeight;
 412   2              pstData->usOutputVHeight = g_stMDomainOutputData.usVHeight;
 413   2          }
 414   1          else
 415   1          {
 416   2              pstData->usInputVHeight = g_stMDomainInputData.usVHeight;
 417   2              pstData->usOutputVHeight = g_stMDomainInputData.usVHeight;
 418   2          }
 419   1      
 420   1      #if(_FRC_SUPPORT == _ON)
                  //-----------------------------------------------
                  // Consider FIFO Input / Output H width in FRC
                  //-----------------------------------------------
                  if(GET_MEMORY_CONFIG() == _MEMORY_WORK_MODE)
                  {
              #if(_DP_FREESYNC_SUPPORT == _ON)
                      if((GET_DP_FREESYNC_ENABLED() == _TRUE) && (GET_FREESYNC_SPD_INFO_FRAME_RECEIVED() == _FALSE))
                      {
                          ulHSDBW = (DWORD)_MEMORY_TOTAL_BW * 100000 / GET_MEMORY_DATA_BIT() * _MEMORY_BUS_WIDTH /
                                    ((((DWORD)g_stMDomainInputData.usHFreq * 1000) +
                                      ((DWORD)g_stMDomainOutputData.usVTotal * g_usDVFreq) +
                                      ((DWORD)g_stMDomainOutputData.usVTotal * g_usDVFreq * ((_DCLK_SPREAD_RANGE / _DPLL
             -_SSCG_DIV_MODE) + _DCLK_SPREAD_RANGE_MARGIN) / 4 / 100)) / 10 + 1);
                      }
                      else
              #endif
                      {
                          ulHSDBW = (DWORD)_MEMORY_TOTAL_BW * 100000 / GET_MEMORY_DATA_BIT() * _MEMORY_BUS_WIDTH /
                                    ((((DWORD)g_stMDomainInputData.usVTotal * g_stMDomainInputData.usVFreq) +
                                      ((DWORD)g_stMDomainOutputData.usVTotal * g_usDVFreq) +
                                      ((DWORD)g_stMDomainOutputData.usVTotal * g_usDVFreq * ((_DCLK_SPREAD_RANGE / _DPLL
             -_SSCG_DIV_MODE) + _DCLK_SPREAD_RANGE_MARGIN) / 4 / 100)) / 10 + 1);
                      }
              
                      ulHSDSpace = ScalerComputeDwordMulDiv(((DWORD)_MEMORY_ROW * _MEMORY_BANK), ((DWORD)_MEMORY_COL_PER
             -_BANK * _MEMORY_BIT_NUM), ((DWORD)GET_MEMORY_DATA_BIT() * pstData->usInputVHeight));
              
                      // Margin (unit: pixel)
                      ulHSDSpace -= 0x10;
              
                      ulHSDSpace = ((ulHSDSpace > ulHSDBW) ? (ulHSDBW) : (ulHSDSpace));
              
                      if(pstData->usInputHWidth > ulHSDSpace)
                      {
                          pstData->usInputHWidth = ulHSDSpace;
                      }
              
                      DebugMessageFRC("ulHSDSpace", ulHSDSpace);
                      DebugMessageFRC("ulHSDBW", ulHSDBW);
C51 COMPILER V8.12   RL6463_SERIES_SCALING                                                 03/10/2025 13:50:49 PAGE 9   

                  } // End of if(GET_MEMORY_CONFIG() == _MEMORY_WORK_MODE)
              
                  // Let HWidth be multiple of 2.
                  pstData->usInputHWidth -= (pstData->usInputHWidth % 2);
                  pstData->usOutputHWidth = pstData->usInputHWidth;
              
              #endif // End of #if(_FRC_SUPPORT == _ON)
 464   1      }
 465          
 466          //--------------------------------------------------
 467          // Description  : Decide which scaling size
 468          // Input Value  : Input/Output H/V Active Region
 469          // Output Value : None
 470          //--------------------------------------------------
 471          void ScalerScalingGetFIFOScalingSize(StructSDRAMDataInfo *pstData)
 472          {
 473   1          ScalerScalingUpdateFIFOScalingSize(pstData);
 474   1      }
 475          
 476          


MODULE INFORMATION:   STATIC OVERLAYABLE
   CODE SIZE        =   1432    ----
   CONSTANT SIZE    =   ----    ----
   XDATA SIZE       =   ----       6
   PDATA SIZE       =   ----    ----
   DATA SIZE        =   ----    ----
   IDATA SIZE       =   ----    ----
   BIT SIZE         =   ----    ----
END OF MODULE INFORMATION.


C51 COMPILATION COMPLETE.  0 WARNING(S),  0 ERROR(S)
