C51 COMPILER V8.12   OSDDRAWWINDOW                                                         03/11/2025 19:55:58 PAGE 1   


C51 COMPILER V8.12, COMPILATION OF MODULE OSDDRAWWINDOW
OBJECT MODULE PLACED IN .\Output\OsdDrawWindow.obj
COMPILER INVOKED BY: C:\Keil\C51\BIN\C51.EXE ..\..\ScalerFunction\Lib\Code\ScalerOSD\Windows\OsdDrawWindow.c LARGE OPTIM
                    -IZE(9,SPEED) INCDIR(..\..\..\Common;..\Header;.\Header;..\..\ScalerFunction\Lib\Header;..\..\ScalerFunction\Header;..\..
                    -\ScalerCommonFunction\Lib\Header;..\..\ScalerCommonFunction\Header;..\..\RL6449_Series_Common\Lib\Header;..\..\RL6449_Se
                    -ries_Common\Header) DEFINE(_TRANSLATOR_SUPPORT=_OFF,_SCALER_TYPE=_RL6449_SERIES) DEBUG OBJECTEXTEND PRINT(.\Output\OsdDr
                    -awWindow.lst) OBJECT(.\Output\OsdDrawWindow.obj)

line level    source

   1          /********************************************************************************/
   2          /*   Copyright (c) 2021 Realtek Semiconductor Corp. All rights reserved.        */
   3          /*                                                                              */
   4          /*   SPDX-License-Identifier: LicenseRef-Realtek-Proprietary                    */
   5          /*                                                                              */
   6          /*   This software component is confidential and proprietary to Realtek         */
   7          /*   Semiconductor Corp. Disclosure, reproduction, redistribution, in whole     */
   8          /*   or in part, of this work and its derivatives without express permission    */
   9          /*   is prohibited.                                                             */
  10          /********************************************************************************/
  11          
  12          //----------------------------------------------------------------------------------------------------
  13          // ID Code      : OsdDrawWindow.c
  14          // Update Note  :
  15          //----------------------------------------------------------------------------------------------------
  16          #include "ScalerOSDLibInternalInclude.h"
  17          
  18          //****************************************************************************
  19          // DEFINITIONS / MACROS
  20          //****************************************************************************
  21          
  22          
  23          //****************************************************************************
  24          // STRUCT / TYPE / ENUM DEFINITTIONS
  25          //****************************************************************************
  26          
  27          
  28          //****************************************************************************
  29          // CODE TABLES
  30          //****************************************************************************
  31          
  32          
  33          //****************************************************************************
  34          // VARIABLE DECLARATIONS
  35          //****************************************************************************
  36          StructOsdWindow g_stOsdWindow;
  37          
  38          
  39          //****************************************************************************
  40          // FUNCTION DECLARATIONS
  41          //****************************************************************************
  42          void ScalerOsdDrawWindow(WORD usXStart, WORD usYStart, WORD usXEnd, WORD usYEnd);
  43          
  44          
  45          //****************************************************************************
  46          // FUNCTION DEFINITIONS
  47          //****************************************************************************
  48          //--------------------------------------------------
  49          // Description  : Draw window
  50          // Input Value  : usXStart -> Horizontal start address
  51          //                usYStart -> Vertical start address
C51 COMPILER V8.12   OSDDRAWWINDOW                                                         03/11/2025 19:55:58 PAGE 2   

  52          //                usXEnd   -> Horizontal end address
  53          //                usYEnd   -> Vertical end address
  54          // Output Value :
  55          //--------------------------------------------------
  56          void ScalerOsdDrawWindow(WORD usXStart, WORD usYStart, WORD usXEnd, WORD usYEnd)
  57          {
  58   1          BYTE pucpTemp[12] = {0};
  59   1          WORD usWinTemp = 0;
  60   1      
  61   1          if(GET_OSD_WINDOW_BUTTON_ENABLE() == _DISABLE)
  62   1          {
  63   2              SET_OSD_WINDOW_ENABLE(_ENABLE);
  64   2          }
  65   1      
  66   1      #if(_OSD_WINDOW_5_1_5_8_SUPPORT == _ON)
  67   1          if(GET_OSD_WINDOW_NUMBER() >= _OSD_WINDOW_5_1)
  68   1          {
  69   2              usWinTemp = 0x220 + (((BYTE)GET_OSD_WINDOW_NUMBER() - _OSD_WINDOW_5_1) * 4);
  70   2          }
  71   1          else
  72   1      #endif
  73   1          {
  74   2              if(GET_OSD_WINDOW_NUMBER() >= _OSD_WINDOW_4_1)
  75   2              {
  76   3                  usWinTemp = 0x200 + (((BYTE)GET_OSD_WINDOW_NUMBER() - _OSD_WINDOW_4_1) * 4);
  77   3              }
  78   2              else
  79   2              {
  80   3                  usWinTemp = 0x100 + (GET_OSD_WINDOW_NUMBER() * 4);
  81   3              }
  82   2          }
  83   1      
  84   1          if((GET_OSD_WINDOW_GRADIENT_ENABLE() == _DISABLE) && (GET_OSD_WINDOW_ROTATION_FUNCTION_ENABLE() == _EN
             -ABLE))
  85   1          {
  86   2              // Avoid HW bug : window color cannot be change.
  87   2              SET_OSD_WINDOW_GRADIENT_DIRECTION(_OSD_WINDOW_GRADIENT_DIRECTION_VERTICAL);
  88   2          }
  89   1      
  90   1          ScalerOsdAddrSet(_OSD_WIN_CONTROL, _OSD_BYTEALL, usWinTemp, _DISABLE);
  91   1      
  92   1      #if(_OSD_WINDOW_COLOR_PALETTE_INDEX_BIT == 4)
                  pucpTemp[0] = ((BYTE)GET_OSD_WINDOW_SHADOW_BORDER_PIXEL_WIDTH() << 3) | GET_OSD_WINDOW_SHADOW_BORDER_P
             -IXEL_HEIGHT();
              #else
  95   1          // _OSD_WINDOW_COLOR_PALETTE_INDEX_BIT = 6
  96   1          pucpTemp[0] = ((BYTE)GET_OSD_WINDOW_COLOR_SHADOW() & _BIT4) << 3 | ((BYTE)GET_OSD_WINDOW_COLOR_BORDER(
             -) & _BIT4) << 2 | (BYTE)GET_OSD_WINDOW_SHADOW_BORDER_PIXEL_WIDTH() << 3 | GET_OSD_WINDOW_SHADOW_BORDER_PIXEL_HEIGHT();
  97   1      #endif
  98   1      
  99   1          pucpTemp[1] = ((BYTE)GET_OSD_WINDOW_COLOR_SHADOW() & 0x0F) << 4 | ((BYTE)GET_OSD_WINDOW_COLOR_BORDER()
             - & 0x0F);
 100   1          pucpTemp[2] = ((BYTE)GET_OSD_WINDOW_GRADIENT_POLARITY_R() << 7 | (BYTE)GET_OSD_WINDOW_GRADIENT_POLARIT
             -Y_G() << 6 | (BYTE)GET_OSD_WINDOW_GRADIENT_POLARITY_B() << 5 | (BYTE)GET_OSD_WINDOW_GRADIENT_LEVEL_SETP() << 3 | (BYTE)G
             -ET_OSD_WINDOW_GRADIENT_ENABLE_R() << 2 | (BYTE)GET_OSD_WINDOW_GRADIENT_ENABLE_G() << 1 | (BYTE)GET_OSD_WINDOW_GRADIENT_E
             -NABLE_B());
 101   1          pucpTemp[3] = ((usXStart & 0xF00) >> 4) | ((usYStart & 0xF00) >> 8);
 102   1          pucpTemp[4] = (usXStart & 0x0FF);
 103   1          pucpTemp[5] = (usYStart & 0x0FF);
 104   1          pucpTemp[6] = ((usXEnd & 0xF00) >> 4) | ((usYEnd & 0xF00) >> 8);
 105   1          pucpTemp[7] = (usXEnd & 0x0FF);
 106   1          pucpTemp[8] = (usYEnd & 0x0FF);
C51 COMPILER V8.12   OSDDRAWWINDOW                                                         03/11/2025 19:55:58 PAGE 3   

 107   1      
 108   1      #if(_OSD_WINDOW_COLOR_PALETTE_INDEX_BIT == 4)
                  pucpTemp[9] = ((BYTE)GET_OSD_WINDOW_GRADIENT_SATURATED_COLOR_MODE() << 4) | ((BYTE)GET_OSD_WINDOW_GRAD
             -IENT_REVERSED_COLOR_MODE() << 3) | ((BYTE)GET_OSD_WINDOW_REFERENCE_DELAY() << 2) | (BYTE)GET_OSD_WINDOW_BORDER_PRIORITY(
             -) << 1 | ((BYTE)GET_OSD_WINDOW_GRADIENT_LEVEL_EXTENSION());
                  pucpTemp[10] = (BYTE)GET_OSD_WINDOW_GRADIENT_LEVEL_PER() << 5 | (BYTE)GET_OSD_WINDOW_COLOR() & 0x0F;
              #else
 112   1          // _OSD_WINDOW_COLOR_PALETTE_INDEX_BIT = 6
 113   1          pucpTemp[9] = (((BYTE)GET_OSD_WINDOW_COLOR_SHADOW() & _BIT5) << 2) | (((BYTE)GET_OSD_WINDOW_COLOR_BORD
             -ER() & _BIT5) << 1) | ((BYTE)GET_OSD_WINDOW_COLOR() & _BIT5) | ((BYTE)GET_OSD_WINDOW_GRADIENT_SATURATED_COLOR_MODE() << 
             -4) | ((BYTE)GET_OSD_WINDOW_GRADIENT_REVERSED_COLOR_MODE() << 3) | ((BYTE)GET_OSD_WINDOW_REFERENCE_DELAY() << 2) | (BYTE)
             -GET_OSD_WINDOW_BORDER_PRIORITY() << 1 | ((BYTE)GET_OSD_WINDOW_GRADIENT_LEVEL_EXTENSION());
 114   1          pucpTemp[10] = (BYTE)GET_OSD_WINDOW_GRADIENT_LEVEL_PER() << 5 | (BYTE)GET_OSD_WINDOW_COLOR() & 0x1F;
 115   1      #endif
 116   1      
 117   1          pucpTemp[11] = (BYTE)GET_OSD_WINDOW_BLEND_ENABLE() << 7 | (BYTE)GET_OSD_WINDOW_GRADIENT_ENABLE() << 6 
             -| (BYTE)GET_OSD_WINDOW_GRADIENT_DIRECTION() << 5 | (BYTE)GET_OSD_WINDOW_BUTTON_ENABLE() << 4 | (BYTE)GET_OSD_WINDOW_BUTT
             -ON_TYPE() << 1 | (BYTE)GET_OSD_WINDOW_ENABLE();
 118   1      
 119   1          if(GET_OSD_WINDOW_WAIT_DEN_STOP() == _ENABLE)
 120   1          {
 121   2              ScalerTimerWaitForEvent(_EVENT_DEN_STOP);
 122   2          }
 123   1      
 124   1          ScalerOsdBurstWriteDataPort(pucpTemp, 12, GET_CURRENT_BANK_NUMBER(), _BURSTWRITE_DATA_OSD, _BURSTWRITE
             -_FROM_XRAM);
 125   1      
 126   1      #if(_OSD_WINDOW_5_1_5_8_SUPPORT == _ON)
 127   1          if(GET_OSD_WINDOW_NUMBER() >= _OSD_WINDOW_5_1)
 128   1          {
 129   2              usWinTemp = 0x2A5 + (((BYTE)GET_OSD_WINDOW_NUMBER() - _OSD_WINDOW_5_1) * 10);
 130   2          }
 131   1          else
 132   1      #endif
 133   1          {
 134   2              usWinTemp = 0x177 + (GET_OSD_WINDOW_NUMBER() * 7);
 135   2          }
 136   1      
 137   1          pucpTemp[0] = ScalerOsdFrameControlByteGet(usWinTemp, _OSD_BYTE0);
 138   1          pucpTemp[0] = ((pucpTemp[0] & ~_BIT0) | (BYTE)GET_OSD_WINDOW_ROTATION_FUNCTION_ENABLE());
 139   1          ScalerOsdWriteByte((_OSD_WIN_CONTROL | _OSD_BYTE0), _OSD_WITHOUT_DB, usWinTemp, pucpTemp[0]);
 140   1      
 141   1          memset(&g_stOsdWindow, 0x00, sizeof(g_stOsdWindow));
 142   1      }
 143          
 144          
 145          /*
 146          //--------------------------------------------------
 147          // example 1
 148          //--------------------------------------------------
 149              code StructOsdWindow g_stOsdWindowTest = { _OSD_WINDOW_6,                               // b5WindowNum
             -ber
 150                                                         _ENABLE,                                     // b1WindowEna
             -ble
 151                                                         9,                                           // b6WindowCol
             -or
 152                                                         6,                                           // b6WindowCol
             -orShadow
 153                                                         0,                                           // b6WindowCol
             -orBorder
 154                                                         1,                                           // b3WindowSha
             -dowBorderPixelWidth
C51 COMPILER V8.12   OSDDRAWWINDOW                                                         03/11/2025 19:55:58 PAGE 4   

 155                                                         1,                                           // b3WindowSha
             -dowBorderPixelHeight
 156                                                         _OSD_WINDOW_GRADIENT_LEVEL_STEP_3,           // b2WindowGra
             -dientLevelStep
 157                                                         _OSD_WINDOW_GRADIENT_LEVEL_PER_5,            // b3WindowGra
             -dientLevelPer
 158                                                         _OSD_WINDOW_GRADIENT_POLARITY_DECREASE,      // b1WindowGra
             -dientPolarityR
 159                                                         _OSD_WINDOW_GRADIENT_POLARITY_INCREASE,      // b1WindowGra
             -dientPolarityG
 160                                                         _OSD_WINDOW_GRADIENT_POLARITY_INCREASE,      // b1WindowGra
             -dientPolarityB
 161                                                         _ENABLE,                                     // b1WindowGra
             -dientEnableR
 162                                                         _DISABLE,                                    // b1WindowGra
             -dientEnableG
 163                                                         _ENABLE,                                     // b1WindowGra
             -dientEnableB
 164                                                         0,                                           // b1WindowGra
             -dientSaturatedColorMode
 165                                                         0,                                           // b1WindowGra
             -dientReversedColorMode
 166                                                         0,                                           // b1WindowRef
             -erenceDelay
 167                                                         _OSD_WINDOW_GRADIENT_LEVEL_EXTENSION_8,      // b1WindowGra
             -dientLevelExtension
 168                                                         1,                                           // b1WindowBle
             -nd
 169                                                         1,                                           // b1WindowGra
             -dient
 170                                                         _OSD_WINDOW_GRADIENT_DIRECTION_HORIZONTAL,   // b1WindowGra
             -dientDirection
 171                                                         1,                                           // b1WindowBut
             -tonEnable
 172                                                         _OSD_WINDOW_BUTTON_TYPE_3D_BUTTON_1,         // b3WindowTyp
             -e
 173                                                         _ENABLE                                      // b1WindowRot
             -ationFunctionEnable
 174                                                       };
 175          
 176              g_stOsdWindow = g_stOsdWindowTest;
 177              ScalerOsdDrawWindow(XSTART(100), YSTART(200), XEND(300), YEND(400));
 178          
 179          
 180          //--------------------------------------------------
 181          // example 2
 182          //--------------------------------------------------
 183              SET_OSD_WINDOW_NUMBER(6);
 184              SET_OSD_WINDOW_ENABLE(_ENABLE);
 185              SET_OSD_WINDOW_COLOR(4);
 186              SET_OSD_WINDOW_ROTATION_FUNCTION_ENABLE(_ENABLE);
 187              ScalerOsdDrawWindow(XSTART(100), YSTART(200), XEND(300), YEND(400));
 188          
 189          */


MODULE INFORMATION:   STATIC OVERLAYABLE
   CODE SIZE        =    735    ----
   CONSTANT SIZE    =     12    ----
   XDATA SIZE       =      7      22
   PDATA SIZE       =   ----    ----
   DATA SIZE        =   ----    ----
C51 COMPILER V8.12   OSDDRAWWINDOW                                                         03/11/2025 19:55:58 PAGE 5   

   IDATA SIZE       =   ----    ----
   BIT SIZE         =   ----    ----
END OF MODULE INFORMATION.


C51 COMPILATION COMPLETE.  0 WARNING(S),  0 ERROR(S)
