C51 COMPILER V8.12   RL6449_SERIES_COLORIDITHERRESETFRAMECNT                               03/11/2025 19:56:06 PAGE 1   


C51 COMPILER V8.12, COMPILATION OF MODULE RL6449_SERIES_COLORIDITHERRESETFRAMECNT
OBJECT MODULE PLACED IN .\Output\RL6449_Series_ColorIDitherResetFrameCnt.obj
COMPILER INVOKED BY: C:\Keil\C51\BIN\C51.EXE Code\RL6449_Series_Color\RL6449_Series_ColorIDitherResetFrameCnt.c LARGE OP
                    -TIMIZE(9,SPEED) INCDIR(..\..\..\Common;..\Header;.\Header;..\..\ScalerFunction\Lib\Header;..\..\ScalerFunction\Header;..
                    -\..\ScalerCommonFunction\Lib\Header;..\..\ScalerCommonFunction\Header;..\..\RL6449_Series_Common\Lib\Header;..\..\RL6449
                    -_Series_Common\Header) DEFINE(_TRANSLATOR_SUPPORT=_OFF,_SCALER_TYPE=_RL6449_SERIES) DEBUG OBJECTEXTEND PRINT(.\Output\RL
                    -6449_Series_ColorIDitherResetFrameCnt.lst) OBJECT(.\Output\RL6449_Series_ColorIDitherResetFrameCnt.obj)

line level    source

   1          /********************************************************************************/
   2          /*   Copyright (c) 2021 Realtek Semiconductor Corp. All rights reserved.        */
   3          /*                                                                              */
   4          /*   SPDX-License-Identifier: LicenseRef-Realtek-Proprietary                    */
   5          /*                                                                              */
   6          /*   This software component is confidential and proprietary to Realtek         */
   7          /*   Semiconductor Corp. Disclosure, reproduction, redistribution, in whole     */
   8          /*   or in part, of this work and its derivatives without express permission    */
   9          /*   is prohibited.                                                             */
  10          /********************************************************************************/
  11          
  12          //----------------------------------------------------------------------------------------------------
  13          // ID Code      : RL6449_Series_ColorIDitherResetFrameCnt.c
  14          // Update Note  :
  15          //----------------------------------------------------------------------------------------------------
  16          #include "RL6449_Series_ColorLibInternalInclude.h"
  17          
  18          
  19          //****************************************************************************
  20          // DEFINITIONS / MACROS
  21          //****************************************************************************
  22          
  23          
  24          //****************************************************************************
  25          // STRUCT / TYPE / ENUM DEFINITTIONS
  26          //****************************************************************************
  27          
  28          
  29          //****************************************************************************
  30          // CODE TABLES
  31          //****************************************************************************
  32          
  33          
  34          //****************************************************************************
  35          // VARIABLE DECLARATIONS
  36          //****************************************************************************
  37          
  38          
  39          //****************************************************************************
  40          // FUNCTION DECLARATIONS
  41          //****************************************************************************
  42          void ScalerColorIDitherResetFrameCnt(void);
  43          //****************************************************************************
  44          // FUNCTION DEFINITIONS
  45          //****************************************************************************
  46          //--------------------------------------------------
  47          // Description  : Reset Frame Cnt
  48          // Input Value  : None
  49          // Output Value : None
  50          //--------------------------------------------------
  51          void ScalerColorIDitherResetFrameCnt(void)
C51 COMPILER V8.12   RL6449_SERIES_COLORIDITHERRESETFRAMECNT                               03/11/2025 19:56:06 PAGE 2   

  52          {
  53   1          ScalerSetBit(P0_8A_I_DITHER_COMMON_CTRL2_SETA, ~_BIT0, _BIT0);
  54   1      }


MODULE INFORMATION:   STATIC OVERLAYABLE
   CODE SIZE        =     10    ----
   CONSTANT SIZE    =   ----    ----
   XDATA SIZE       =   ----    ----
   PDATA SIZE       =   ----    ----
   DATA SIZE        =   ----    ----
   IDATA SIZE       =   ----    ----
   BIT SIZE         =   ----    ----
END OF MODULE INFORMATION.


C51 COMPILATION COMPLETE.  0 WARNING(S),  0 ERROR(S)
