C51 COMPILER V8.12   RL6449_SERIES_COLORULTRAVIVIDENABLE                                   03/11/2025 19:56:11 PAGE 1   


C51 COMPILER V8.12, COMPILATION OF MODULE RL6449_SERIES_COLORULTRAVIVIDENABLE
OBJECT MODULE PLACED IN .\Output\RL6449_Series_ColorUltraVividEnable.obj
COMPILER INVOKED BY: C:\Keil\C51\BIN\C51.EXE Code\RL6449_Series_Color\RL6449_Series_ColorUltraVividEnable.c LARGE OPTIMI
                    -ZE(9,SPEED) INCDIR(..\..\..\Common;..\Header;.\Header;..\..\ScalerFunction\Lib\Header;..\..\ScalerFunction\Header;..\..\
                    -ScalerCommonFunction\Lib\Header;..\..\ScalerCommonFunction\Header;..\..\RL6449_Series_Common\Lib\Header;..\..\RL6449_Ser
                    -ies_Common\Header) DEFINE(_TRANSLATOR_SUPPORT=_OFF,_SCALER_TYPE=_RL6449_SERIES) DEBUG OBJECTEXTEND PRINT(.\Output\RL6449
                    -_Series_ColorUltraVividEnable.lst) OBJECT(.\Output\RL6449_Series_ColorUltraVividEnable.obj)

line level    source

   1          /********************************************************************************/
   2          /*   Copyright (c) 2021 Realtek Semiconductor Corp. All rights reserved.        */
   3          /*                                                                              */
   4          /*   SPDX-License-Identifier: LicenseRef-Realtek-Proprietary                    */
   5          /*                                                                              */
   6          /*   This software component is confidential and proprietary to Realtek         */
   7          /*   Semiconductor Corp. Disclosure, reproduction, redistribution, in whole     */
   8          /*   or in part, of this work and its derivatives without express permission    */
   9          /*   is prohibited.                                                             */
  10          /********************************************************************************/
  11          
  12          //----------------------------------------------------------------------------------------------------
  13          // ID Code      : RL6449_Series_ColorUltraVividEnable.c
  14          // Update Note  :
  15          //----------------------------------------------------------------------------------------------------
  16          #include "RL6449_Series_ColorLibInternalInclude.h"
  17          
  18          //****************************************************************************
  19          // DEFINITIONS / MACROS
  20          //****************************************************************************
  21          
  22          
  23          //****************************************************************************
  24          // STRUCT / TYPE / ENUM DEFINITTIONS
  25          //****************************************************************************
  26          
  27          
  28          //****************************************************************************
  29          // CODE TABLES
  30          //****************************************************************************
  31          
  32          
  33          //****************************************************************************
  34          // VARIABLE DECLARATIONS
  35          //****************************************************************************
  36          
  37          
  38          //****************************************************************************
  39          // FUNCTION DECLARATIONS
  40          //****************************************************************************
  41          void ScalerColorUltraVividEnable(EnumFunctionOnOFF enumFunctionOnOff, EnumDBApply enumDBApply);
  42          
  43          //****************************************************************************
  44          // FUNCTION DEFINITIONS
  45          //****************************************************************************
  46          //--------------------------------------------------
  47          // Description  : Enable / Disable / Clock Gated UltraVivid Function
  48          // Input Value  : enumFunctionOnOff -> _ENABLE or _DISABLE or _CLCOK_GATED
  49          // Output Value : None
  50          //--------------------------------------------------
  51          void ScalerColorUltraVividEnable(EnumFunctionOnOFF enumFunctionOnOff, EnumDBApply enumDBApply)
C51 COMPILER V8.12   RL6449_SERIES_COLORULTRAVIVIDENABLE                                   03/11/2025 19:56:11 PAGE 2   

  52          {
  53   1          if(enumFunctionOnOff == _FUNCTION_ON)
  54   1          {
  55   2              // Disable UltraVivid Clock Gated
  56   2              ScalerSetBit(P0_1F_M1_ICLK_GATED_CTRL1, ~_BIT6, _BIT6);
  57   2              ScalerSetBit(P40_1F_M2_ICLK_GATED_CTRL1, ~_BIT6, _BIT6);
  58   2      
  59   2              ScalerSetBit(P1_DB_DCLK_GATED_CTRL1, ~_BIT7, _BIT7);
  60   2      
  61   2              ScalerSetBit(P1_DB_DCLK_GATED_CTRL1, ~_BIT6, _BIT6);
  62   2      
  63   2              // Enable UltraVivid Function
  64   2              // ScalerSetBit(P11_A1_I_DLTI_CTRL_M1, ~_BIT0, _BIT0);
  65   2      
  66   2              ScalerSetBit(P14_C0_LSR_CTRL, ~_BIT7, _BIT7);
  67   2      
  68   2              ScalerSetBit(P12_A0_SR_SHP_CTRL_0, ~_BIT7, _BIT7);
  69   2      
  70   2              // Bypass DSHP
  71   2              ScalerSetBit(P12_A0_SR_SHP_CTRL_0, ~(_BIT7 | _BIT6 | _BIT5 | _BIT4), _BIT7);
  72   2              ScalerSetBit(P12_A1_SR_SHP_CTRL_1, ~(_BIT2 | _BIT1 | _BIT0), 0x00);
  73   2      
  74   2              // Wait for Double Buffer
  75   2              ScalerGlobalIDDomainDBApply(enumDBApply);
  76   2          }
  77   1          else if(enumFunctionOnOff == _FUNCTION_OFF)
  78   1          {
  79   2              // Disable UltraVivid Clock Gated
  80   2              ScalerSetBit(P0_1F_M1_ICLK_GATED_CTRL1, ~_BIT6, _BIT6);
  81   2              ScalerSetBit(P40_1F_M2_ICLK_GATED_CTRL1, ~_BIT6, _BIT6);
  82   2      
  83   2              ScalerSetBit(P1_DB_DCLK_GATED_CTRL1, ~_BIT7, _BIT7);
  84   2      
  85   2              ScalerSetBit(P1_DB_DCLK_GATED_CTRL1, ~_BIT6, _BIT6);
  86   2      
  87   2              // Disable UltraVivid Function
  88   2              ScalerSetBit(P11_A1_I_DLTI_CTRL_M1, ~_BIT0, 0x00);
  89   2      
  90   2              ScalerSetBit(P14_C0_LSR_CTRL, ~_BIT7, 0x00);
  91   2      
  92   2              // Bypass DSHP
  93   2              ScalerSetBit(P12_A0_SR_SHP_CTRL_0, ~(_BIT7 | _BIT6 | _BIT5 | _BIT4), _BIT7);
  94   2              ScalerSetBit(P12_A1_SR_SHP_CTRL_1, ~(_BIT2 | _BIT1 | _BIT0), 0x00);
  95   2      
  96   2              // Wait for Double Buffer
  97   2              ScalerGlobalIDDomainDBApply(enumDBApply);
  98   2          }
  99   1          else
 100   1          {
 101   2              // Disable UltraVivid Clock Gated
 102   2              ScalerSetBit(P0_1F_M1_ICLK_GATED_CTRL1, ~_BIT6, _BIT6);
 103   2              ScalerSetBit(P40_1F_M2_ICLK_GATED_CTRL1, ~_BIT6, _BIT6);
 104   2      
 105   2              ScalerSetBit(P1_DB_DCLK_GATED_CTRL1, ~_BIT7, _BIT7);
 106   2      
 107   2              ScalerSetBit(P1_DB_DCLK_GATED_CTRL1, ~_BIT6, _BIT6);
 108   2      
 109   2              // Disable UltraVivid Function
 110   2              ScalerSetBit(P11_A1_I_DLTI_CTRL_M1, ~_BIT0, 0x00);
 111   2      
 112   2              ScalerSetBit(P14_C0_LSR_CTRL, ~_BIT7, 0x00);
 113   2      
C51 COMPILER V8.12   RL6449_SERIES_COLORULTRAVIVIDENABLE                                   03/11/2025 19:56:11 PAGE 3   

 114   2              ScalerSetBit(P12_A0_SR_SHP_CTRL_0, ~_BIT7, 0x00);
 115   2      
 116   2              // Wait for Double Buffer
 117   2              ScalerGlobalIDDomainDBApply(_DB_APPLY_POLLING);
 118   2      
 119   2              // Enable IDLTI Clock Gated
 120   2              ScalerSetBit(P0_1F_M1_ICLK_GATED_CTRL1, ~_BIT6, 0x00);
 121   2              ScalerSetBit(P40_1F_M2_ICLK_GATED_CTRL1, ~_BIT6, 0x00);
 122   2      
 123   2              // Enable LSR & D-SHP Clock Gated
 124   2              ScalerSetBit(P1_DB_DCLK_GATED_CTRL1, ~_BIT7, 0x00);
 125   2      
 126   2              ScalerSetBit(P1_DB_DCLK_GATED_CTRL1, ~_BIT6, 0x00);
 127   2          }
 128   1      }


MODULE INFORMATION:   STATIC OVERLAYABLE
   CODE SIZE        =    164    ----
   CONSTANT SIZE    =   ----    ----
   XDATA SIZE       =   ----       2
   PDATA SIZE       =   ----    ----
   DATA SIZE        =   ----    ----
   IDATA SIZE       =   ----    ----
   BIT SIZE         =   ----    ----
END OF MODULE INFORMATION.


C51 COMPILATION COMPLETE.  0 WARNING(S),  0 ERROR(S)
