C51 COMPILER V8.12   RL6449_SERIES_COLORSPACELOADYUV2RGBTABLE                              03/11/2025 19:56:16 PAGE 1   


C51 COMPILER V8.12, COMPILATION OF MODULE RL6449_SERIES_COLORSPACELOADYUV2RGBTABLE
OBJECT MODULE PLACED IN .\Output\RL6449_Series_ColorSpaceLoadYuv2RgbTable.obj
COMPILER INVOKED BY: C:\Keil\C51\BIN\C51.EXE Code\RL6449_Series_Color\RL6449_Series_ColorSpaceLoadYuv2RgbTable.c LARGE O
                    -PTIMIZE(9,SPEED) INCDIR(..\..\..\Common;..\Header;.\Header;..\..\ScalerFunction\Lib\Header;..\..\ScalerFunction\Header;.
                    -.\..\ScalerCommonFunction\Lib\Header;..\..\ScalerCommonFunction\Header;..\..\RL6449_Series_Common\Lib\Header;..\..\RL644
                    -9_Series_Common\Header) DEFINE(_TRANSLATOR_SUPPORT=_OFF,_SCALER_TYPE=_RL6449_SERIES) DEBUG OBJECTEXTEND PRINT(.\Output\R
                    -L6449_Series_ColorSpaceLoadYuv2RgbTable.lst) OBJECT(.\Output\RL6449_Series_ColorSpaceLoadYuv2RgbTable.obj)

line level    source

   1          /********************************************************************************/
   2          /*   Copyright (c) 2021 Realtek Semiconductor Corp. All rights reserved.        */
   3          /*                                                                              */
   4          /*   SPDX-License-Identifier: LicenseRef-Realtek-Proprietary                    */
   5          /*                                                                              */
   6          /*   This software component is confidential and proprietary to Realtek         */
   7          /*   Semiconductor Corp. Disclosure, reproduction, redistribution, in whole     */
   8          /*   or in part, of this work and its derivatives without express permission    */
   9          /*   is prohibited.                                                             */
  10          /********************************************************************************/
  11          
  12          //----------------------------------------------------------------------------------------------------
  13          // ID Code      : RL6449_Series_ColorSpaceLoadYuv2RgbTable.c
  14          // Update Note  :
  15          //----------------------------------------------------------------------------------------------------
  16          #include "RL6449_Series_ColorLibInternalInclude.h"
  17          
  18          //****************************************************************************
  19          // DEFINITIONS / MACROS
  20          //****************************************************************************
  21          #define _COLOR_CONV_YUV2RGB_TABLE_SIZE                          26
  22          
  23          
  24          //****************************************************************************
  25          // STRUCT / TYPE / ENUM DEFINITTIONS
  26          //****************************************************************************
  27          
  28          
  29          //****************************************************************************
  30          // CODE TABLES
  31          //****************************************************************************
  32          //--------------------------------------------------
  33          // Code Tables of Color Conversion
  34          //--------------------------------------------------
  35          // YCC to RGB Table
  36          #if((_COLOR_CONVERSION_TYPE == _COLOR_CONVERSION_GEN_0) || (_COLOR_CONVERSION_TYPE == _COLOR_CONVERSION_GE
             -N_1) || (_COLOR_CONVERSION_TYPE == _COLOR_CONVERSION_GEN_2))
  37          BYTE code tCOLOR_CONV_YUV2RGB_ITU601[] =
  38          {
  39              25, _AUTOINC, (BYTE)P14_A2_SR_YCC2RGB_COEF_K11_MSB,
  40              0xE4, 0xAB, 0x26, 0x67, 0x41, 0x92,
  41              0xE3, 0x42, 0xC8, 0x17, 0x00, 0x00,
  42              0x00, 0x00, 0x00, 0x00, 0x02, 0x00,
  43              0x02, 0x00, 0x02, 0x00,
  44              _END
  45          };
  46          
  47          BYTE code tCOLOR_CONV_YUV2RGB_ITU709[] =
  48          {
  49              25, _AUTOINC, (BYTE)P14_A2_SR_YCC2RGB_COEF_K11_MSB,
  50              0xE4, 0xAB, 0x27, 0x31, 0x00, 0xDB,
C51 COMPILER V8.12   RL6449_SERIES_COLORSPACELOADYUV2RGBTABLE                              03/11/2025 19:56:16 PAGE 2   

  51              0x42, 0x23, 0x88, 0x79, 0x00, 0x10,
  52              0x00, 0x10, 0x00, 0x10, 0x02, 0x00,
  53              0x02, 0x00, 0x02, 0x00,
  54              _END
  55          };
  56          
  57          BYTE code tCOLOR_CONV_YUV2RGB_ITU709_RGBLIMIT[] =
  58          {
  59          #if((_COLOR_CONVERSION_TYPE == _COLOR_CONVERSION_GEN_0) || (_COLOR_CONVERSION_TYPE == _COLOR_CONVERSION_GE
             -N_2))
  60              25, _AUTOINC, (BYTE)P14_A2_SR_YCC2RGB_COEF_K11_MSB,
  61              0xE4, 0xAB, 0x27, 0x31, 0x00, 0xDB,
  62              0x42, 0x23, 0x88, 0x79, 0xF0, 0x00,
  63              0xF0, 0x00, 0xF0, 0x00, 0x02, 0x56,
  64              0x02, 0x56, 0x02, 0x56,
  65              _END
  66          #elif(_COLOR_CONVERSION_TYPE == _COLOR_CONVERSION_GEN_1)
                  25, _AUTOINC, (BYTE)P14_A2_SR_YCC2RGB_COEF_K11_MSB,
                  0xE4, 0xAB, 0x27, 0x31, 0x00, 0xDB,
                  0x42, 0x23, 0x88, 0x79, 0x3C, 0x00,
                  0x3C, 0x00, 0x3C, 0x00, 0x02, 0x56,
                  0x02, 0x56, 0x02, 0x56,
                  _END
              #endif
  74          };
  75          #endif // End of #if((_COLOR_CONVERSION_TYPE == _COLOR_CONVERSION_GEN_0) || (_COLOR_CONVERSION_TYPE == _CO
             -LOR_CONVERSION_GEN_1) || (_COLOR_CONVERSION_TYPE == _COLOR_CONVERSION_GEN_2))
  76          
  77          BYTE code tCOLOR_CONV_YUV2RGB_ITU601_YUVFULL[] =
  78          {
  79          #if((_COLOR_CONVERSION_TYPE == _COLOR_CONVERSION_GEN_0) || (_COLOR_CONVERSION_TYPE == _COLOR_CONVERSION_GE
             -N_1) || (_COLOR_CONVERSION_TYPE == _COLOR_CONVERSION_GEN_2))
  80              25, _AUTOINC, (BYTE)P14_A2_SR_YCC2RGB_COEF_K11_MSB,
  81              0x04, 0x00, 0xA5, 0x9B, 0x61, 0x60,
  82              0x42, 0xDB, 0x87, 0x16, 0x00, 0x00,
  83              0x00, 0x00, 0x00, 0x00, 0x02, 0x00,
  84              0x02, 0x00, 0x02, 0x00,
  85              _END
  86          #elif(_COLOR_CONVERSION_TYPE == _COLOR_CONVERSION_GEN_3)
                  25, _AUTOINC, (BYTE)P14_A2_SR_YCC2RGB_COEF_K11_MSB,
                  0x04, 0x00, 0x05, 0x9C, 0x01, 0x60,
                  0x02, 0xDB, 0x07, 0x17, 0x00, 0x00,
                  0x00, 0x00, 0x00, 0x00, 0x02, 0x00,
                  0x02, 0x00, 0x02, 0x00,
                  _END
              #endif
  94          };
  95          
  96          BYTE code tCOLOR_CONV_YUV2RGB_ITU709_YUVFULL[] =
  97          {
  98          #if((_COLOR_CONVERSION_TYPE == _COLOR_CONVERSION_GEN_0) || (_COLOR_CONVERSION_TYPE == _COLOR_CONVERSION_GE
             -N_1) || (_COLOR_CONVERSION_TYPE == _COLOR_CONVERSION_GEN_2))
  99              25, _AUTOINC, (BYTE)P14_A2_SR_YCC2RGB_COEF_K11_MSB,
 100              0x04, 0x00, 0xA6, 0x4C, 0xC0, 0xBF,
 101              0x61, 0xDF, 0x27, 0x6C, 0x00, 0x00,
 102              0x00, 0x00, 0x00, 0x00, 0x02, 0x00,
 103              0x02, 0x00, 0x02, 0x00,
 104              _END
 105          #elif(_COLOR_CONVERSION_TYPE == _COLOR_CONVERSION_GEN_3)
                  25, _AUTOINC, (BYTE)P14_A2_SR_YCC2RGB_COEF_K11_MSB,
                  0x04, 0x00, 0x06, 0x4D, 0x00, 0xC0,
                  0x01, 0xDF, 0x07, 0x6C, 0x00, 0x00,
C51 COMPILER V8.12   RL6449_SERIES_COLORSPACELOADYUV2RGBTABLE                              03/11/2025 19:56:16 PAGE 3   

                  0x00, 0x00, 0x00, 0x00, 0x02, 0x00,
                  0x02, 0x00, 0x02, 0x00,
                  _END
              #endif
 113          };
 114          
 115          // YCC to RGB Table - 8bit
 116          BYTE code tCOLOR_CONV_YUV2RGB_ITU601_8BIT[] =
 117          {
 118          #if((_COLOR_CONVERSION_TYPE == _COLOR_CONVERSION_GEN_0) || (_COLOR_CONVERSION_TYPE == _COLOR_CONVERSION_GE
             -N_1) || (_COLOR_CONVERSION_TYPE == _COLOR_CONVERSION_GEN_2))
 119              25, _AUTOINC, (BYTE)P14_A2_SR_YCC2RGB_COEF_K11_MSB,
 120              0x64, 0xA8, 0x66, 0x62, 0x21, 0x91,
 121              0x63, 0x40, 0xA8, 0x11, 0x00, 0x00,
 122              0x00, 0x00, 0x00, 0x00, 0x02, 0x00,
 123              0x02, 0x00, 0x02, 0x00,
 124              _END
 125          #elif(_COLOR_CONVERSION_TYPE == _COLOR_CONVERSION_GEN_3)
                  25, _AUTOINC, (BYTE)P14_A2_SR_YCC2RGB_COEF_K11_MSB,
                  0x04, 0xA8, 0x06, 0x62, 0x01, 0x91,
                  0x03, 0x40, 0x08, 0x12, 0x00, 0x00,
                  0x00, 0x00, 0x00, 0x00, 0x02, 0x00,
                  0x02, 0x00, 0x02, 0x00,
                  _END
              #endif
 133          };
 134          
 135          BYTE code tCOLOR_CONV_YUV2RGB_ITU709_8BIT[] =
 136          {
 137          #if((_COLOR_CONVERSION_TYPE == _COLOR_CONVERSION_GEN_0) || (_COLOR_CONVERSION_TYPE == _COLOR_CONVERSION_GE
             -N_1) || (_COLOR_CONVERSION_TYPE == _COLOR_CONVERSION_GEN_2))
 138              25, _AUTOINC, (BYTE)P14_A2_SR_YCC2RGB_COEF_K11_MSB,
 139              0x64, 0xA8, 0xC7, 0x2B, 0x60, 0xDA,
 140              0xA2, 0x21, 0x28, 0x73, 0x00, 0x00,
 141              0x00, 0x00, 0x00, 0x00, 0x02, 0x00,
 142              0x02, 0x00, 0x02, 0x00,
 143              _END
 144          #elif(_COLOR_CONVERSION_TYPE == _COLOR_CONVERSION_GEN_3)
                  25, _AUTOINC, (BYTE)P14_A2_SR_YCC2RGB_COEF_K11_MSB,
                  0x04, 0xAD, 0x07, 0x34, 0x00, 0xDA,
                  0x02, 0x23, 0x08, 0x7C, 0x00, 0x00,
                  0x00, 0x00, 0x00, 0x00, 0x02, 0x00,
                  0x02, 0x00, 0x02, 0x00,
                  _END
              #endif
 152          };
 153          
 154          BYTE code tCOLOR_CONV_YUV2RGB_ITU709_RGBLIMIT_8BIT[] =
 155          {
 156          #if((_COLOR_CONVERSION_TYPE == _COLOR_CONVERSION_GEN_0) || (_COLOR_CONVERSION_TYPE == _COLOR_CONVERSION_GE
             -N_2))
 157              25, _AUTOINC, (BYTE)P14_A2_SR_YCC2RGB_COEF_K11_MSB,
 158              0xE4, 0xAB, 0x27, 0x31, 0x00, 0xDB,
 159              0x42, 0x23, 0x88, 0x79, 0xF0, 0x00,
 160              0xF0, 0x00, 0xF0, 0x00, 0x02, 0x54,
 161              0x02, 0x54, 0x02, 0x54,
 162              _END
 163          #elif(_COLOR_CONVERSION_TYPE == _COLOR_CONVERSION_GEN_1)
                  25, _AUTOINC, (BYTE)P14_A2_SR_YCC2RGB_COEF_K11_MSB,
                  0xE4, 0xAB, 0x27, 0x31, 0x00, 0xDB,
                  0x42, 0x23, 0x88, 0x79, 0x3C, 0x00,
                  0x3C, 0x00, 0x3C, 0x00, 0x02, 0x54,
C51 COMPILER V8.12   RL6449_SERIES_COLORSPACELOADYUV2RGBTABLE                              03/11/2025 19:56:16 PAGE 4   

                  0x02, 0x54, 0x02, 0x54,
                  _END
              #elif(_COLOR_CONVERSION_TYPE == _COLOR_CONVERSION_GEN_3)
                  25, _AUTOINC, (BYTE)P14_A2_SR_YCC2RGB_COEF_K11_MSB,
                  0x04, 0xAD, 0x07, 0x34, 0x00, 0xDA,
                  0x02, 0x23, 0x08, 0x7C, 0x3C, 0x00,
                  0x3C, 0x00, 0x3C, 0x00, 0x02, 0x54,
                  0x02, 0x54, 0x02, 0x54,
                  _END
              #endif
 178          };
 179          
 180          #if(_COLOR_CONVERSION_TYPE == _COLOR_CONVERSION_GEN_2)
 181          // BT2020 Constant Table
 182          /*
 183          BYTE code tCOLOR_CONV_YUV2RGB_ITU_BT2020_CL[] =
 184          {
 185              52, _AUTOINC, (BYTE)P14_40_SR_BT2020_COEF_H11_HSB,
 186              0x01, 0x2A, 0xF8, 0x01, 0x2A, 0xF8, 0x01, 0x2A, 0xF8,
 187              0x00, 0x00, 0x00, 0x00, 0x00, 0x00, 0x02, 0x37, 0x28,
 188              0x01, 0xF6, 0x40, 0x00, 0x00, 0x00, 0x00, 0x00, 0x00,
 189              0x00, 0x00, 0x00, 0x00, 0x00, 0x00, 0x01, 0xCE, 0x48,
 190              0x01, 0x22, 0x68, 0x00, 0x00, 0x00, 0x00, 0x00, 0x00,
 191              0x80, 0x00, 0x80, 0x00,
 192          
 193              15, _AUTOINC, (BYTE)P14_AC_SR_YCC2RGB_R_OFFSET_MSB,
 194              0x00, 0x00, 0x00, 0x00, 0x00, 0x00,
 195              0x02, 0x00, 0x02, 0x00, 0x02, 0x00,
 196              _END
 197          };*/
 198          
 199          // BT2020 NonConstant Table
 200          BYTE code tCOLOR_CONV_YUV2RGB_ITU_BT2020_NCL[] =
 201          {
 202              25, _AUTOINC, (BYTE)P14_A2_SR_YCC2RGB_COEF_K11_MSB,
 203              0xE4, 0xAB, 0x06, 0xBC, 0x60, 0xC0,
 204              0x02, 0x9C, 0xA8, 0x97, 0x00, 0x00,
 205              0x00, 0x00, 0x00, 0x00, 0x02, 0x00,
 206              0x02, 0x00, 0x02, 0x00,
 207              _END
 208          };
 209          
 210          BYTE code tCOLOR_CONV_YUV2RGB_ITU_BT2020_NCL_YUVFULL[] =
 211          {
 212              25, _AUTOINC, (BYTE)P14_A2_SR_YCC2RGB_COEF_K11_MSB,
 213              0x04, 0x00, 0x05, 0xE6, 0x80, 0xA8,
 214              0x22, 0x49, 0x87, 0x86, 0x00, 0x00,
 215              0x00, 0x00, 0x00, 0x00, 0x02, 0x00,
 216              0x02, 0x00, 0x02, 0x00,
 217              _END
 218          };
 219          #endif // End of #if(_COLOR_CONVERSION_TYPE == _COLOR_CONVERSION_GEN_2)
 220          
 221          //****************************************************************************
 222          // VARIABLE DECLARATIONS
 223          //****************************************************************************
 224          
 225          
 226          //****************************************************************************
 227          // FUNCTION DECLARATIONS
 228          //****************************************************************************
 229          void ScalerColorSpaceLoadYuv2RgbTable(EnumColorSpace enumColorSpace, bit bUltraVividSupport);
C51 COMPILER V8.12   RL6449_SERIES_COLORSPACELOADYUV2RGBTABLE                              03/11/2025 19:56:16 PAGE 5   

 230          
 231          //****************************************************************************
 232          // FUNCTION DEFINITIONS
 233          //****************************************************************************
 234          //--------------------------------------------------
 235          // Description  : Color Space Load YUV2RGB table
 236          // Input Value  : enumColorSpace --> Color Space RGB or not
 237          //                bUltraVividSupport --> UltraVivid Support
 238          // Output Value : None
 239          //--------------------------------------------------
 240          void ScalerColorSpaceLoadYuv2RgbTable(EnumColorSpace enumColorSpace, bit bUltraVividSupport)
 241          {
 242   1          BYTE *pucYUV2RGBTable = 0x00;
 243   1      
 244   1      #if((_COLOR_CONVERSION_TYPE == _COLOR_CONVERSION_GEN_0) || (_COLOR_CONVERSION_TYPE == _COLOR_CONVERSION_GE
             -N_1) || (_COLOR_CONVERSION_TYPE == _COLOR_CONVERSION_GEN_2))
 245   1          BYTE code *pucYUV2RGB601Table = tCOLOR_CONV_YUV2RGB_ITU601;
 246   1          BYTE code *pucYUV2RGB709Table = tCOLOR_CONV_YUV2RGB_ITU709;
 247   1          BYTE code *pucYUV2RGB709RGBLimitTable = tCOLOR_CONV_YUV2RGB_ITU709_RGBLIMIT;
 248   1          BYTE code *pucYUV2RGB601Table8bit = tCOLOR_CONV_YUV2RGB_ITU601_8BIT;
 249   1          BYTE code *pucYUV2RGB709Table8bit = tCOLOR_CONV_YUV2RGB_ITU709_8BIT;
 250   1          BYTE code *pucYUV2RGB709RGBLimitTable8bit = tCOLOR_CONV_YUV2RGB_ITU709_RGBLIMIT_8BIT;
 251   1      #elif(_COLOR_CONVERSION_TYPE == _COLOR_CONVERSION_GEN_3)
                  BYTE code *pucYUV2RGB601Table = tCOLOR_CONV_YUV2RGB_ITU601_8BIT;
                  BYTE code *pucYUV2RGB709Table = tCOLOR_CONV_YUV2RGB_ITU709_8BIT;
                  BYTE code *pucYUV2RGB709RGBLimitTable = tCOLOR_CONV_YUV2RGB_ITU709_RGBLIMIT_8BIT;
                  BYTE code *pucYUV2RGB601Table8bit = tCOLOR_CONV_YUV2RGB_ITU601_8BIT;
                  BYTE code *pucYUV2RGB709Table8bit = tCOLOR_CONV_YUV2RGB_ITU709_8BIT;
                  BYTE code *pucYUV2RGB709RGBLimitTable8bit = tCOLOR_CONV_YUV2RGB_ITU709_RGBLIMIT_8BIT;
              #endif
 259   1      
 260   1          bUltraVividSupport = bUltraVividSupport;
 261   1      
 262   1          if((GET_COLOR_SPACE_RGB(enumColorSpace) == _TRUE) &&
 263   1             (GET_COLOR_RGB_LIMIT_RANGE_USER() == _TRUE))
 264   1          {
 265   2              // Load D-Domain YUV2RGB Table according for RGB Limit Range
 266   2              if(GET_COLOR_DEPTH() > _COLOR_DEPTH_8_BITS)
 267   2              {
 268   3                  pucYUV2RGBTable = pucYUV2RGB709RGBLimitTable;
 269   3              }
 270   2              else
 271   2              {
 272   3                  pucYUV2RGBTable = pucYUV2RGB709RGBLimitTable8bit;
 273   3              }
 274   2      
 275   2      #if(_COLOR_CONVERSION_TYPE == _COLOR_CONVERSION_GEN_0)
                      if(bUltraVividSupport == _ON)
                      {
                          // Set D-Domain YUV2RGB YCbCr Clamp
                          ScalerSetBit(P14_A1_SR_YCC2RGB_CTRL, ~(_BIT2 | _BIT1), (_BIT2 | _BIT1));
                      }
                      else
              #endif
 283   2              {
 284   3                  if(ScalerGetBit(P0_9C_RGB2YCC_CTRL, _BIT0) == 0x00)
 285   3                  {
 286   4                      // Disable D-Domain YUV2RGB YCbCr Clamp for Identity_Matrix
 287   4                      ScalerSetBit(P14_A1_SR_YCC2RGB_CTRL, ~(_BIT2 | _BIT1), 0x00);
 288   4                  }
 289   3                  else
 290   3                  {
C51 COMPILER V8.12   RL6449_SERIES_COLORSPACELOADYUV2RGBTABLE                              03/11/2025 19:56:16 PAGE 6   

 291   4                      // Enable D-Domain YUV2RGB YCbCr Clamp
 292   4                      ScalerSetBit(P14_A1_SR_YCC2RGB_CTRL, ~(_BIT2 | _BIT1), (_BIT2 | _BIT1));
 293   4                  }
 294   3              }
 295   2          }
 296   1          else if((GET_COLOR_SPACE_RGB(enumColorSpace) == _FALSE) && (GET_COLOR_YCC_FULL_RANGE_USER() == _TRUE))
 297   1          {
 298   2              // Load D-Domain YUV2RGB Table according to Colorimetry
 299   2              switch(GET_COLORIMETRY())
 300   2              {
 301   3                  case _COLORIMETRY_YCC_SMPTE_170M:
 302   3                  case _COLORIMETRY_YCC_ITUR_BT601:
 303   3                  case _COLORIMETRY_YCC_XVYCC601:
 304   3                      pucYUV2RGBTable = tCOLOR_CONV_YUV2RGB_ITU601_YUVFULL;
 305   3                      break;
 306   3      
 307   3                  case _COLORIMETRY_YCC_ITUR_BT709:
 308   3                  case _COLORIMETRY_YCC_XVYCC709:
 309   3                      pucYUV2RGBTable = tCOLOR_CONV_YUV2RGB_ITU709_YUVFULL;
 310   3                      break;
 311   3      
 312   3                  case _COLORIMETRY_EXT:
 313   3                      switch(GET_EXT_COLORIMETRY())
 314   3                      {
 315   4                          case _COLORIMETRY_EXT_YCC_ITUR_BT601:
 316   4                          case _COLORIMETRY_EXT_YCC_XVYCC601:
 317   4                          case _COLORIMETRY_EXT_YCC_SYCC601:
 318   4                          case _COLORIMETRY_EXT_YCC_ADOBEYCC601:
 319   4                              pucYUV2RGBTable = tCOLOR_CONV_YUV2RGB_ITU601_YUVFULL;
 320   4                              break;
 321   4      
 322   4      #if(_COLOR_CONVERSION_TYPE == _COLOR_CONVERSION_GEN_2)
 323   4                          case _COLORIMETRY_EXT_YCC_ITUR_BT2020_CL:
 324   4                          case _COLORIMETRY_EXT_YCC_ITUR_BT2020_NCL:
 325   4                              pucYUV2RGBTable = tCOLOR_CONV_YUV2RGB_ITU_BT2020_NCL_YUVFULL;
 326   4                              break;
 327   4      #endif
 328   4      
 329   4                          case _COLORIMETRY_EXT_YCC_ITUR_BT709:
 330   4                          case _COLORIMETRY_EXT_YCC_XVYCC709:
 331   4                          default:
 332   4                              pucYUV2RGBTable = tCOLOR_CONV_YUV2RGB_ITU709_YUVFULL;
 333   4                              break;
 334   4                      }
 335   3                      break;
 336   3      
 337   3                  default:
 338   3                      pucYUV2RGBTable = tCOLOR_CONV_YUV2RGB_ITU709_YUVFULL;
 339   3                      break;
 340   3              }
 341   2      
 342   2              // Set D-Domain YUV2RGB YCbCr Clamp
 343   2              ScalerSetBit(P14_A1_SR_YCC2RGB_CTRL, ~(_BIT2 | _BIT1), _BIT2);
 344   2          }
 345   1          else
 346   1          {
 347   2              // Load D-Domain YUV2RGB Table according to Colorimetry
 348   2              switch(GET_COLORIMETRY())
 349   2              {
 350   3                  case _COLORIMETRY_YCC_SMPTE_170M:
 351   3                  case _COLORIMETRY_YCC_ITUR_BT601:
 352   3                  case _COLORIMETRY_YCC_XVYCC601:
C51 COMPILER V8.12   RL6449_SERIES_COLORSPACELOADYUV2RGBTABLE                              03/11/2025 19:56:16 PAGE 7   

 353   3                      if(GET_COLOR_DEPTH() > _COLOR_DEPTH_8_BITS)
 354   3                      {
 355   4                          pucYUV2RGBTable = pucYUV2RGB601Table;
 356   4                      }
 357   3                      else
 358   3                      {
 359   4                          pucYUV2RGBTable = pucYUV2RGB601Table8bit;
 360   4                      }
 361   3                      break;
 362   3      
 363   3                  case _COLORIMETRY_YCC_ITUR_BT709:
 364   3                  case _COLORIMETRY_YCC_XVYCC709:
 365   3                      if(GET_COLOR_DEPTH() > _COLOR_DEPTH_8_BITS)
 366   3                      {
 367   4                          pucYUV2RGBTable = pucYUV2RGB709Table;
 368   4                      }
 369   3                      else
 370   3                      {
 371   4                          pucYUV2RGBTable = pucYUV2RGB709Table8bit;
 372   4                      }
 373   3                      break;
 374   3      
 375   3                  case _COLORIMETRY_EXT:
 376   3                      switch(GET_EXT_COLORIMETRY())
 377   3                      {
 378   4                          case _COLORIMETRY_EXT_YCC_ITUR_BT601:
 379   4                          case _COLORIMETRY_EXT_YCC_XVYCC601:
 380   4                          case _COLORIMETRY_EXT_YCC_SYCC601:
 381   4                          case _COLORIMETRY_EXT_YCC_ADOBEYCC601:
 382   4                              if(GET_COLOR_DEPTH() > _COLOR_DEPTH_8_BITS)
 383   4                              {
 384   5                                  pucYUV2RGBTable = pucYUV2RGB601Table;
 385   5                              }
 386   4                              else
 387   4                              {
 388   5                                  pucYUV2RGBTable = pucYUV2RGB601Table8bit;
 389   5                              }
 390   4                              break;
 391   4      
 392   4      #if(_COLOR_CONVERSION_TYPE == _COLOR_CONVERSION_GEN_2)
 393   4                          case _COLORIMETRY_EXT_YCC_ITUR_BT2020_CL:
 394   4                          case _COLORIMETRY_EXT_YCC_ITUR_BT2020_NCL:
 395   4                              pucYUV2RGBTable = tCOLOR_CONV_YUV2RGB_ITU_BT2020_NCL;
 396   4                              break;
 397   4      #endif
 398   4      
 399   4                          case _COLORIMETRY_EXT_YCC_ITUR_BT709:
 400   4                          case _COLORIMETRY_EXT_YCC_XVYCC709:
 401   4                          default:
 402   4                              if(GET_COLOR_DEPTH() > _COLOR_DEPTH_8_BITS)
 403   4                              {
 404   5                                  pucYUV2RGBTable = pucYUV2RGB709Table;
 405   5                              }
 406   4                              else
 407   4                              {
 408   5                                  pucYUV2RGBTable = pucYUV2RGB709Table8bit;
 409   5                              }
 410   4                              break;
 411   4                      }
 412   3                      break;
 413   3      
 414   3                  default:
C51 COMPILER V8.12   RL6449_SERIES_COLORSPACELOADYUV2RGBTABLE                              03/11/2025 19:56:16 PAGE 8   

 415   3                      if(GET_COLOR_DEPTH() > _COLOR_DEPTH_8_BITS)
 416   3                      {
 417   4                          pucYUV2RGBTable = pucYUV2RGB709Table;
 418   4                      }
 419   3                      else
 420   3                      {
 421   4                          pucYUV2RGBTable = pucYUV2RGB709Table8bit;
 422   4                      }
 423   3                      break;
 424   3              }
 425   2      
 426   2              // Set D-Domain YUV2RGB YCbCr Clamp
 427   2              ScalerSetBit(P14_A1_SR_YCC2RGB_CTRL, ~(_BIT2 | _BIT1), (_BIT2 | _BIT1));
 428   2          }
 429   1      
 430   1          ScalerBurstWrite(pucYUV2RGBTable, _COLOR_CONV_YUV2RGB_TABLE_SIZE,
 431   1                           GET_CURRENT_BANK_NUMBER(), P14_A2_SR_YCC2RGB_COEF_K11_MSB,
 432   1                           _BURSTWRITE_COMMAND, _BURSTWRITE_FROM_FLASH);
 433   1      }


MODULE INFORMATION:   STATIC OVERLAYABLE
   CODE SIZE        =    554    ----
   CONSTANT SIZE    =    260    ----
   XDATA SIZE       =   ----      15
   PDATA SIZE       =   ----    ----
   DATA SIZE        =   ----    ----
   IDATA SIZE       =   ----    ----
   BIT SIZE         =   ----       1
END OF MODULE INFORMATION.


C51 COMPILATION COMPLETE.  0 WARNING(S),  0 ERROR(S)
