C51 COMPILER V8.12   RL6449_SERIES_COLOROUTPUTGAMMAENABLE                                  03/11/2025 19:56:07 PAGE 1   


C51 COMPILER V8.12, COMPILATION OF MODULE RL6449_SERIES_COLOROUTPUTGAMMAENABLE
OBJECT MODULE PLACED IN .\Output\RL6449_Series_ColorOutputGammaEnable.obj
COMPILER INVOKED BY: C:\Keil\C51\BIN\C51.EXE Code\RL6449_Series_Color\RL6449_Series_ColorOutputGammaEnable.c LARGE OPTIM
                    -IZE(9,SPEED) INCDIR(..\..\..\Common;..\Header;.\Header;..\..\ScalerFunction\Lib\Header;..\..\ScalerFunction\Header;..\..
                    -\ScalerCommonFunction\Lib\Header;..\..\ScalerCommonFunction\Header;..\..\RL6449_Series_Common\Lib\Header;..\..\RL6449_Se
                    -ries_Common\Header) DEFINE(_TRANSLATOR_SUPPORT=_OFF,_SCALER_TYPE=_RL6449_SERIES) DEBUG OBJECTEXTEND PRINT(.\Output\RL644
                    -9_Series_ColorOutputGammaEnable.lst) OBJECT(.\Output\RL6449_Series_ColorOutputGammaEnable.obj)

line level    source

   1          /********************************************************************************/
   2          /*   Copyright (c) 2021 Realtek Semiconductor Corp. All rights reserved.        */
   3          /*                                                                              */
   4          /*   SPDX-License-Identifier: LicenseRef-Realtek-Proprietary                    */
   5          /*                                                                              */
   6          /*   This software component is confidential and proprietary to Realtek         */
   7          /*   Semiconductor Corp. Disclosure, reproduction, redistribution, in whole     */
   8          /*   or in part, of this work and its derivatives without express permission    */
   9          /*   is prohibited.                                                             */
  10          /********************************************************************************/
  11          
  12          //----------------------------------------------------------------------------------------------------
  13          // ID Code      : RL6449_Series_ColorOutputGammaEnable.c
  14          // Update Note  :
  15          //----------------------------------------------------------------------------------------------------
  16          #include "RL6449_Series_ColorLibInternalInclude.h"
  17          
  18          //****************************************************************************
  19          // DEFINITIONS / MACROS
  20          //****************************************************************************
  21          
  22          
  23          //****************************************************************************
  24          // STRUCT / TYPE / ENUM DEFINITTIONS
  25          //****************************************************************************
  26          
  27          
  28          //****************************************************************************
  29          // CODE TABLES
  30          //****************************************************************************
  31          
  32          
  33          //****************************************************************************
  34          // VARIABLE DECLARATIONS
  35          //****************************************************************************
  36          
  37          
  38          //****************************************************************************
  39          // FUNCTION DECLARATIONS
  40          //****************************************************************************
  41          void ScalerColorOutputGammaEnable(EnumFunctionOnOFF enumOn);
  42          
  43          //****************************************************************************
  44          // FUNCTION DEFINITIONS
  45          //****************************************************************************
  46          //--------------------------------------------------
  47          // Description  : Enable/Disable Output Gamma
  48          // Input Value  : _FUNCTION_ON / _FUNCTION_OFF
  49          // Output Value : None
  50          //--------------------------------------------------
  51          void ScalerColorOutputGammaEnable(EnumFunctionOnOFF enumOn)
C51 COMPILER V8.12   RL6449_SERIES_COLOROUTPUTGAMMAENABLE                                  03/11/2025 19:56:07 PAGE 2   

  52          {
  53   1          if(enumOn == _FUNCTION_ON)
  54   1          {
  55   2              ScalerSetBit(P0_67_GAMMA_CTRL_SETA, ~_BIT6, _BIT6);
  56   2          }
  57   1          else
  58   1          {
  59   2              ScalerSetBit(P0_67_GAMMA_CTRL_SETA, ~_BIT6, 0x00);
  60   2          }
  61   1      }
  62          


MODULE INFORMATION:   STATIC OVERLAYABLE
   CODE SIZE        =     19    ----
   CONSTANT SIZE    =   ----    ----
   XDATA SIZE       =   ----    ----
   PDATA SIZE       =   ----    ----
   DATA SIZE        =   ----    ----
   IDATA SIZE       =   ----    ----
   BIT SIZE         =   ----    ----
END OF MODULE INFORMATION.


C51 COMPILATION COMPLETE.  0 WARNING(S),  0 ERROR(S)
