C51 COMPILER V8.12   SCALERTCONGLOBALENABLE                                                03/11/2025 19:56:02 PAGE 1   


C51 COMPILER V8.12, COMPILATION OF MODULE SCALERTCONGLOBALENABLE
OBJECT MODULE PLACED IN .\Output\ScalerTconGlobalEnable.obj
COMPILER INVOKED BY: C:\Keil\C51\BIN\C51.EXE ..\..\ScalerFunction\Lib\Code\ScalerTcon\ScalerTconGlobalEnable.c LARGE OPT
                    -IMIZE(9,SPEED) INCDIR(..\..\..\Common;..\Header;.\Header;..\..\ScalerFunction\Lib\Header;..\..\ScalerFunction\Header;..\
                    -..\ScalerCommonFunction\Lib\Header;..\..\ScalerCommonFunction\Header;..\..\RL6449_Series_Common\Lib\Header;..\..\RL6449_
                    -Series_Common\Header) DEFINE(_TRANSLATOR_SUPPORT=_OFF,_SCALER_TYPE=_RL6449_SERIES) DEBUG OBJECTEXTEND PRINT(.\Output\Sca
                    -lerTconGlobalEnable.lst) OBJECT(.\Output\ScalerTconGlobalEnable.obj)

line level    source

   1          /********************************************************************************/
   2          /*   Copyright (c) 2021 Realtek Semiconductor Corp. All rights reserved.        */
   3          /*                                                                              */
   4          /*   SPDX-License-Identifier: LicenseRef-Realtek-Proprietary                    */
   5          /*                                                                              */
   6          /*   This software component is confidential and proprietary to Realtek         */
   7          /*   Semiconductor Corp. Disclosure, reproduction, redistribution, in whole     */
   8          /*   or in part, of this work and its derivatives without express permission    */
   9          /*   is prohibited.                                                             */
  10          /********************************************************************************/
  11          
  12          //----------------------------------------------------------------------------------------------------
  13          // ID Code      : ScalerTconGlobalEnable.c No.0000
  14          // Update Note  :
  15          //----------------------------------------------------------------------------------------------------
  16          #include "ScalerTconLibInternalInclude.h"
  17          
  18          //****************************************************************************
  19          // DEFINITIONS / MACROS
  20          //****************************************************************************
  21          
  22          //****************************************************************************
  23          // STRUCT / TYPE / ENUM DEFINITTIONS
  24          //****************************************************************************
  25          
  26          //****************************************************************************
  27          // CODE TABLES
  28          //****************************************************************************
  29          
  30          //****************************************************************************
  31          // VARIABLE DECLARATIONS
  32          //****************************************************************************
  33          
  34          //****************************************************************************
  35          // FUNCTION DECLARATIONS
  36          //****************************************************************************
  37          void ScalerTconGlobalEnable(bit bEnable);
  38          
  39          //****************************************************************************
  40          // FUNCTION DEFINITIONS
  41          //****************************************************************************
  42          
  43          //--------------------------------------------------
  44          // Description  : Set Tcon global control
  45          // Input Value  : bEnable --> Tcon global enable
  46          // Output Value : None
  47          //--------------------------------------------------
  48          void ScalerTconGlobalEnable(bit bEnable)
  49          {
  50   1          if(bEnable == _ON)
  51   1          {
C51 COMPILER V8.12   SCALERTCONGLOBALENABLE                                                03/11/2025 19:56:02 PAGE 2   

  52   2              ScalerSetDataPortBit(P15_A3_TCON_ADDR, _P15_A4_PT_00_TC_CTRL0, ~(_BIT7 | _BIT2), (_BIT7 | _BIT2));
  53   2          }
  54   1          else
  55   1          {
  56   2              ScalerSetDataPortBit(P15_A3_TCON_ADDR, _P15_A4_PT_00_TC_CTRL0, ~_BIT7, 0x00);
  57   2          }
  58   1      }
  59          


MODULE INFORMATION:   STATIC OVERLAYABLE
   CODE SIZE        =     30    ----
   CONSTANT SIZE    =   ----    ----
   XDATA SIZE       =   ----    ----
   PDATA SIZE       =   ----    ----
   DATA SIZE        =   ----    ----
   IDATA SIZE       =   ----    ----
   BIT SIZE         =   ----       1
END OF MODULE INFORMATION.


C51 COMPILATION COMPLETE.  0 WARNING(S),  0 ERROR(S)
