C51 COMPILER V8.12   SCALERCOLORCONTRASTGETSETTING                                         03/11/2025 19:55:48 PAGE 1   


C51 COMPILER V8.12, COMPILATION OF MODULE SCALERCOLORCONTRASTGETSETTING
OBJECT MODULE PLACED IN .\Output\ScalerColorContrastGetSetting.obj
COMPILER INVOKED BY: C:\Keil\C51\BIN\C51.EXE ..\..\ScalerFunction\Lib\Code\ScalerColor\ScalerColorContrastGetSetting.c L
                    -ARGE OPTIMIZE(9,SPEED) INCDIR(..\..\..\Common;..\Header;.\Header;..\..\ScalerFunction\Lib\Header;..\..\ScalerFunction\He
                    -ader;..\..\ScalerCommonFunction\Lib\Header;..\..\ScalerCommonFunction\Header;..\..\RL6449_Series_Common\Lib\Header;..\..
                    -\RL6449_Series_Common\Header) DEFINE(_TRANSLATOR_SUPPORT=_OFF,_SCALER_TYPE=_RL6449_SERIES) DEBUG OBJECTEXTEND PRINT(.\Ou
                    -tput\ScalerColorContrastGetSetting.lst) OBJECT(.\Output\ScalerColorContrastGetSetting.obj)

line level    source

   1          /********************************************************************************/
   2          /*   Copyright (c) 2021 Realtek Semiconductor Corp. All rights reserved.        */
   3          /*                                                                              */
   4          /*   SPDX-License-Identifier: LicenseRef-Realtek-Proprietary                    */
   5          /*                                                                              */
   6          /*   This software component is confidential and proprietary to Realtek         */
   7          /*   Semiconductor Corp. Disclosure, reproduction, redistribution, in whole     */
   8          /*   or in part, of this work and its derivatives without express permission    */
   9          /*   is prohibited.                                                             */
  10          /********************************************************************************/
  11          
  12          //----------------------------------------------------------------------------------------------------
  13          // ID Code      : ScalerColorContrastGetSetting.c
  14          // Update Note  :
  15          //----------------------------------------------------------------------------------------------------
  16          #include "ScalerColorLibInternalInclude.h"
  17          
  18          //****************************************************************************
  19          // DEFINITIONS / MACROS
  20          //****************************************************************************
  21          
  22          
  23          //****************************************************************************
  24          // STRUCT / TYPE / ENUM DEFINITTIONS
  25          //****************************************************************************
  26          
  27          
  28          //****************************************************************************
  29          // CODE TABLES
  30          //****************************************************************************
  31          
  32          
  33          //****************************************************************************
  34          // VARIABLE DECLARATIONS
  35          //****************************************************************************
  36          
  37          
  38          //****************************************************************************
  39          // FUNCTION DECLARATIONS
  40          //****************************************************************************
  41          void ScalerColorContrastGetSetting(EnumBriConCoefType enumBriConCoefType, WORD *pusData);
  42          
  43          //****************************************************************************
  44          // FUNCTION DEFINITIONS
  45          //****************************************************************************
  46          //--------------------------------------------------
  47          // Description  : Get Contrast Setting
  48          // Input Value  : EnumBriConCoefType, Coefficient
  49          // Output Value : Contrast Setting
  50          //--------------------------------------------------
  51          void ScalerColorContrastGetSetting(EnumBriConCoefType enumBriConCoefType, WORD *pusData)
C51 COMPILER V8.12   SCALERCOLORCONTRASTGETSETTING                                         03/11/2025 19:55:48 PAGE 2   

  52          {
  53   1          BYTE ucTempH = 0;
  54   1      #if(_CTS_TYPE == _CTS_GEN_1_12BIT)
  55   1          BYTE ucTempL = 0;
  56   1      #endif
  57   1      
  58   1          switch(enumBriConCoefType)
  59   1          {
  60   2              case _CONTRAST_COEF_A:
  61   2                  ScalerGetDataPortByte(P0_64_CTS_BRI_PORT_ADD, _P0_65_PT_03_CTS_RED_COE_SETA_H, 1, &ucTempH, _N
             -ON_AUTOINC);
  62   2      #if(_CTS_TYPE == _CTS_GEN_0_8BIT)
                          pusData[0] = ucTempH;
              #elif(_CTS_TYPE == _CTS_GEN_1_12BIT)
  65   2                  ScalerGetDataPortByte(P0_64_CTS_BRI_PORT_ADD, _P0_65_PT_21_CTS_COE_SETA_RG_L, 1, &ucTempL, _NO
             -N_AUTOINC);
  66   2                  pusData[0] = (((WORD)ucTempH) << 4) | ((ucTempL & 0xF0) >> 4);
  67   2      #endif
  68   2      
  69   2                  ScalerGetDataPortByte(P0_64_CTS_BRI_PORT_ADD, _P0_65_PT_04_CTS_GRN_COE_SETA_H, 1, &ucTempH, _N
             -ON_AUTOINC);
  70   2      #if(_CTS_TYPE == _CTS_GEN_0_8BIT)
                          pusData[1] = ucTempH;
              #elif(_CTS_TYPE == _CTS_GEN_1_12BIT)
  73   2                  pusData[1] = (((WORD)ucTempH) << 4) | ((ucTempL & 0x0F));
  74   2      #endif
  75   2      
  76   2                  ScalerGetDataPortByte(P0_64_CTS_BRI_PORT_ADD, _P0_65_PT_05_CTS_BLU_COE_SETA_H, 1, &ucTempH, _N
             -ON_AUTOINC);
  77   2      #if(_CTS_TYPE == _CTS_GEN_0_8BIT)
                          pusData[2] = ucTempH;
              #elif(_CTS_TYPE == _CTS_GEN_1_12BIT)
  80   2                  ScalerGetDataPortByte(P0_64_CTS_BRI_PORT_ADD, _P0_65_PT_22_CTS_COE_SETA_B_L, 1, &ucTempL, _NON
             -_AUTOINC);
  81   2                  pusData[2] = (((WORD)ucTempH) << 4) | ((ucTempL & 0xF0) >> 4);
  82   2      #endif
  83   2                  break;
  84   2      
  85   2              case _CONTRAST_COEF_B:
  86   2                  ScalerGetDataPortByte(P0_64_CTS_BRI_PORT_ADD, _P0_65_PT_09_CTS_RED_COE_SETB_H, 1, &ucTempH, _N
             -ON_AUTOINC);
  87   2      #if(_CTS_TYPE == _CTS_GEN_0_8BIT)
                          pusData[0] = ucTempH;
              #elif(_CTS_TYPE == _CTS_GEN_1_12BIT)
  90   2                  ScalerGetDataPortByte(P0_64_CTS_BRI_PORT_ADD, _P0_65_PT_24_CTS_COE_SETB_RG_L, 1, &ucTempL, _NO
             -N_AUTOINC);
  91   2                  pusData[0] = (((WORD)ucTempH) << 4) | ((ucTempL & 0xF0) >> 4);
  92   2      #endif
  93   2      
  94   2                  ScalerGetDataPortByte(P0_64_CTS_BRI_PORT_ADD, _P0_65_PT_0A_CTS_GRN_COE_SETB_H, 1, &ucTempH, _N
             -ON_AUTOINC);
  95   2      #if(_CTS_TYPE == _CTS_GEN_0_8BIT)
                          pusData[1] = ucTempH;
              #elif(_CTS_TYPE == _CTS_GEN_1_12BIT)
  98   2                  pusData[1] = (((WORD)ucTempH) << 4) | ((ucTempL & 0x0F));
  99   2      #endif
 100   2      
 101   2                  ScalerGetDataPortByte(P0_64_CTS_BRI_PORT_ADD, _P0_65_PT_0B_CTS_BLU_COE_SETB_H, 1, &ucTempH, _N
             -ON_AUTOINC);
 102   2      #if(_CTS_TYPE == _CTS_GEN_0_8BIT)
                          pusData[2] = ucTempH;
              #elif(_CTS_TYPE == _CTS_GEN_1_12BIT)
C51 COMPILER V8.12   SCALERCOLORCONTRASTGETSETTING                                         03/11/2025 19:55:48 PAGE 3   

 105   2                  ScalerGetDataPortByte(P0_64_CTS_BRI_PORT_ADD, _P0_65_PT_25_CTS_COE_SETB_B_L, 1, &ucTempL, _NON
             -_AUTOINC);
 106   2                  pusData[2] = (((WORD)ucTempH) << 4) | ((ucTempL & 0xF0) >> 4);
 107   2      #endif
 108   2                  break;
 109   2      
 110   2              default:
 111   2                  break;
 112   2          }
 113   1      }


MODULE INFORMATION:   STATIC OVERLAYABLE
   CODE SIZE        =    335    ----
   CONSTANT SIZE    =   ----    ----
   XDATA SIZE       =   ----       5
   PDATA SIZE       =   ----    ----
   DATA SIZE        =   ----    ----
   IDATA SIZE       =   ----    ----
   BIT SIZE         =   ----    ----
END OF MODULE INFORMATION.


C51 COMPILATION COMPLETE.  0 WARNING(S),  0 ERROR(S)
