C51 COMPILER V8.12   SCALERCOMMONGLOBALGETIDCODE_EXINT                                     03/11/2025 19:55:39 PAGE 1   


C51 COMPILER V8.12, COMPILATION OF MODULE SCALERCOMMONGLOBALGETIDCODE_EXINT
OBJECT MODULE PLACED IN .\Output\ScalerCommonGlobalGetIDCode_EXINT.obj
COMPILER INVOKED BY: C:\Keil\C51\BIN\C51.EXE ..\..\ScalerCommonFunction\Lib\Code\ScalerCommonReg\ScalerCommonGlobalGetID
                    -Code_EXINT.c LARGE OPTIMIZE(9,SPEED) INCDIR(..\..\..\Common;..\Header;.\Header;..\..\ScalerFunction\Lib\Header;..\..\Sca
                    -lerFunction\Header;..\..\ScalerCommonFunction\Lib\Header;..\..\ScalerCommonFunction\Header;..\..\RL6449_Series_Common\Li
                    -b\Header;..\..\RL6449_Series_Common\Header) DEFINE(_TRANSLATOR_SUPPORT=_OFF,_SCALER_TYPE=_RL6449_SERIES) DEBUG OBJECTEXT
                    -END PRINT(.\Output\ScalerCommonGlobalGetIDCode_EXINT.lst) OBJECT(.\Output\ScalerCommonGlobalGetIDCode_EXINT.obj)

line level    source

   1          /********************************************************************************/
   2          /*   Copyright (c) 2021 Realtek Semiconductor Corp. All rights reserved.        */
   3          /*                                                                              */
   4          /*   SPDX-License-Identifier: LicenseRef-Realtek-Proprietary                    */
   5          /*                                                                              */
   6          /*   This software component is confidential and proprietary to Realtek         */
   7          /*   Semiconductor Corp. Disclosure, reproduction, redistribution, in whole     */
   8          /*   or in part, of this work and its derivatives without express permission    */
   9          /*   is prohibited.                                                             */
  10          /********************************************************************************/
  11          
  12          //----------------------------------------------------------------------------------------------------
  13          // ID Code      : ScalerCommonGlobalGetIDCode_EXINT.c
  14          // Update Note  :
  15          //----------------------------------------------------------------------------------------------------
  16          #include "ScalerCommonRegLibInternalInclude.h"
  17          
  18          //****************************************************************************
  19          // DEFINITIONS / MACROS
  20          //****************************************************************************
  21          
  22          //****************************************************************************
  23          // STRUCT / TYPE / ENUM DEFINITTIONS
  24          //****************************************************************************
  25          
  26          
  27          //****************************************************************************
  28          // CODE TABLES
  29          //****************************************************************************
  30          
  31          
  32          //****************************************************************************
  33          // VARIABLE DECLARATIONS
  34          //****************************************************************************
  35          
  36          
  37          //****************************************************************************
  38          // FUNCTION DECLARATIONS
  39          //****************************************************************************
  40          BYTE ScalerGlobalGetIDCode_EXINT0(void);
  41          
  42          //****************************************************************************
  43          // FUNCTION DEFINITIONS
  44          //****************************************************************************
  45          //--------------------------------------------------
  46          // Description  : Get IC ID Code in INT
  47          // Input Value  : None
  48          // Output Value : ID Code
  49          //--------------------------------------------------
  50          BYTE ScalerGlobalGetIDCode_EXINT0(void) using 1
  51          {
C51 COMPILER V8.12   SCALERCOMMONGLOBALGETIDCODE_EXINT                                     03/11/2025 19:55:39 PAGE 2   

  52   1          return ScalerGetByte_EXINT(P0_0F_ID_REG_02);
  53   1      }
  54          


MODULE INFORMATION:   STATIC OVERLAYABLE
   CODE SIZE        =     13    ----
   CONSTANT SIZE    =   ----    ----
   XDATA SIZE       =   ----    ----
   PDATA SIZE       =   ----    ----
   DATA SIZE        =   ----    ----
   IDATA SIZE       =   ----    ----
   BIT SIZE         =   ----    ----
END OF MODULE INFORMATION.


C51 COMPILATION COMPLETE.  0 WARNING(S),  0 ERROR(S)
